Component: ARM Compiler 5.06 update 6 (build 750) Tool: armlink [4d35ed]

==============================================================================

Section Cross References

    startup_stm32f401xc.o(STACK) refers (Special) to heapauxi.o(.text) for __use_two_region_memory
    startup_stm32f401xc.o(HEAP) refers (Special) to heapauxi.o(.text) for __use_two_region_memory
    startup_stm32f401xc.o(RESET) refers (Special) to heapauxi.o(.text) for __use_two_region_memory
    startup_stm32f401xc.o(RESET) refers to startup_stm32f401xc.o(STACK) for __initial_sp
    startup_stm32f401xc.o(RESET) refers to startup_stm32f401xc.o(.text) for Reset_Handler
    startup_stm32f401xc.o(RESET) refers to stm32f4xx_it.o(i.NMI_Handler) for NMI_Handler
    startup_stm32f401xc.o(RESET) refers to stm32f4xx_it.o(i.HardFault_Handler) for HardFault_Handler
    startup_stm32f401xc.o(RESET) refers to stm32f4xx_it.o(i.MemManage_Handler) for MemManage_Handler
    startup_stm32f401xc.o(RESET) refers to stm32f4xx_it.o(i.BusFault_Handler) for BusFault_Handler
    startup_stm32f401xc.o(RESET) refers to stm32f4xx_it.o(i.UsageFault_Handler) for UsageFault_Handler
    startup_stm32f401xc.o(RESET) refers to stm32f4xx_it.o(i.SVC_Handler) for SVC_Handler
    startup_stm32f401xc.o(RESET) refers to stm32f4xx_it.o(i.DebugMon_Handler) for DebugMon_Handler
    startup_stm32f401xc.o(RESET) refers to stm32f4xx_it.o(i.PendSV_Handler) for PendSV_Handler
    startup_stm32f401xc.o(RESET) refers to stm32f4xx_it.o(i.SysTick_Handler) for SysTick_Handler
    startup_stm32f401xc.o(RESET) refers to stm32f4xx_it.o(i.DMA1_Stream5_IRQHandler) for DMA1_Stream5_IRQHandler
    startup_stm32f401xc.o(RESET) refers to stm32f4xx_it.o(i.TIM1_BRK_TIM9_IRQHandler) for TIM1_BRK_TIM9_IRQHandler
    startup_stm32f401xc.o(RESET) refers to stm32f4xx_it.o(i.TIM4_IRQHandler) for TIM4_IRQHandler
    startup_stm32f401xc.o(RESET) refers to stm32f4xx_it.o(i.USART1_IRQHandler) for USART1_IRQHandler
    startup_stm32f401xc.o(RESET) refers to stm32f4xx_it.o(i.USART2_IRQHandler) for USART2_IRQHandler
    startup_stm32f401xc.o(.text) refers (Special) to heapauxi.o(.text) for __use_two_region_memory
    startup_stm32f401xc.o(.text) refers to system_stm32f4xx.o(i.SystemInit) for SystemInit
    startup_stm32f401xc.o(.text) refers to __main.o(!!!main) for __main
    startup_stm32f401xc.o(.text) refers to startup_stm32f401xc.o(HEAP) for Heap_Mem
    startup_stm32f401xc.o(.text) refers to startup_stm32f401xc.o(STACK) for Stack_Mem
    jy901.o(i.JY901_Get_Data) refers to jy901.o(.data) for .data
    jy901.o(i.JY901_Init) refers to stm32f4xx_hal.o(i.HAL_Delay) for HAL_Delay
    jy901.o(i.JY901_Init) refers to jy901.o(i.JY901_Send_CMD) for JY901_Send_CMD
    jy901.o(i.JY901_Init) refers to jy901.o(.data) for .data
    jy901.o(i.JY901_Send_CMD) refers to stm32f4xx_hal_uart.o(i.HAL_UART_Transmit) for HAL_UART_Transmit
    jy901.o(i.JY901_Send_CMD) refers to usart.o(.bss) for huart2
    motor.o(i.Motor_Speed_Control) refers to motor.o(i.Get_Encoder) for Get_Encoder
    motor.o(i.Motor_Speed_Control) refers to dflt_clz.o(x$fpl$dflt) for __aeabi_i2d
    motor.o(i.Motor_Speed_Control) refers to dmul.o(x$fpl$dmul) for __aeabi_dmul
    motor.o(i.Motor_Speed_Control) refers to daddsub_clz.o(x$fpl$dadd) for __aeabi_dadd
    motor.o(i.Motor_Speed_Control) refers to daddsub_clz.o(x$fpl$dsub) for __aeabi_dsub
    motor.o(i.Motor_Speed_Control) refers to ddiv.o(x$fpl$ddiv) for __aeabi_ddiv
    motor.o(i.Motor_Speed_Control) refers to dfix.o(x$fpl$dfix) for __aeabi_d2iz
    motor.o(i.Motor_Speed_Control) refers to drleqf.o(x$fpl$drleqf) for __aeabi_cdrcmple
    motor.o(i.Motor_Speed_Control) refers to dleqf.o(x$fpl$dleqf) for __aeabi_cdcmple
    motor.o(i.Motor_Stop) refers to stm32f4xx_hal_tim.o(i.HAL_TIM_Base_Stop_IT) for HAL_TIM_Base_Stop_IT
    motor.o(i.Motor_Stop) refers to tim.o(.bss) for htim4
    motor.o(i.Motor_Stop) refers to motor.o(.data) for .data
    motor.o(i.Set_Motor_Direction) refers to stm32f4xx_hal_gpio.o(i.HAL_GPIO_WritePin) for HAL_GPIO_WritePin
    servo.o(i.Set_Servo_Angle) refers to dmul.o(x$fpl$dmul) for __aeabi_dmul
    servo.o(i.Set_Servo_Angle) refers to ddiv.o(x$fpl$ddiv) for __aeabi_ddiv
    servo.o(i.Set_Servo_Angle) refers to daddsub_clz.o(x$fpl$dadd) for __aeabi_dadd
    servo.o(i.Set_Servo_Angle) refers to dfixu.o(x$fpl$dfixu) for __aeabi_d2uiz
    control.o(i.Turning) refers to daddsub_clz.o(x$fpl$dadd) for __aeabi_dadd
    control.o(i.Turning) refers to control.o(.data) for .data
    control.o(i.Turning_Control) refers to daddsub_clz.o(x$fpl$dsub) for __aeabi_dsub
    control.o(i.Turning_Control) refers to dmul.o(x$fpl$dmul) for __aeabi_dmul
    control.o(i.Turning_Control) refers to daddsub_clz.o(x$fpl$dadd) for __aeabi_dadd
    control.o(i.Turning_Control) refers to ddiv.o(x$fpl$ddiv) for __aeabi_ddiv
    control.o(i.Turning_Control) refers to servo.o(i.Set_Servo_Angle) for Set_Servo_Angle
    control.o(i.Turning_Control) refers to control.o(.data) for .data
[...]
    ../clib/signal.c                         0x00000000   Number         0  defsig_pvfn_inner.o ABSOLUTE
    ../clib/signal.c                         0x00000000   Number         0  defsig_stak_inner.o ABSOLUTE
    ../clib/signal.c                         0x00000000   Number         0  defsig_fpe_formal.o ABSOLUTE
    ../clib/signal.c                         0x00000000   Number         0  defsig_general.o ABSOLUTE
    ../clib/signal.c                         0x00000000   Number         0  __raise.o ABSOLUTE
    ../clib/signal.c                         0x00000000   Number         0  defsig_rtmem_formal.o ABSOLUTE
    ../clib/signal.c                         0x00000000   Number         0  defsig_rtred_inner.o ABSOLUTE
    ../clib/signal.s                         0x00000000   Number         0  defsig.o ABSOLUTE
    ../clib/stdlib.c                         0x00000000   Number         0  exit.o ABSOLUTE
    ../fplib/d2f.s                           0x00000000   Number         0  d2f.o ABSOLUTE
    ../fplib/daddsub.s                       0x00000000   Number         0  daddsub_clz.o ABSOLUTE
    ../fplib/dcmpi.s                         0x00000000   Number         0  dcmpi.o ABSOLUTE
    ../fplib/ddiv.s                          0x00000000   Number         0  ddiv.o ABSOLUTE
    ../fplib/dfix.s                          0x00000000   Number         0  dfix.o ABSOLUTE
    ../fplib/dfixu.s                         0x00000000   Number         0  dfixu.o ABSOLUTE
    ../fplib/dflt.s                          0x00000000   Number         0  dflt_clz.o ABSOLUTE
    ../fplib/dleqf.s                         0x00000000   Number         0  dleqf.o ABSOLUTE
    ../fplib/dmul.s                          0x00000000   Number         0  dmul.o ABSOLUTE
    ../fplib/dnaninf.s                       0x00000000   Number         0  dnaninf.o ABSOLUTE
    ../fplib/dretinf.s                       0x00000000   Number         0  dretinf.o ABSOLUTE
    ../fplib/drleqf.s                        0x00000000   Number         0  drleqf.o ABSOLUTE
    ../fplib/f2d.s                           0x00000000   Number         0  f2d.o ABSOLUTE
    ../fplib/fnaninf.s                       0x00000000   Number         0  fnaninf.o ABSOLUTE
    ../fplib/fpinit.s                        0x00000000   Number         0  fpinit.o ABSOLUTE
    ../fplib/fretinf.s                       0x00000000   Number         0  fretinf.o ABSOLUTE
    ../fplib/usenofp.s                       0x00000000   Number         0  usenofp.o ABSOLUTE
    ..\Core\Src\Control.c                    0x00000000   Number         0  control.o ABSOLUTE
    ..\Core\Src\JY901.c                      0x00000000   Number         0  jy901.o ABSOLUTE
    ..\Core\Src\Motor.c                      0x00000000   Number         0  motor.o ABSOLUTE
    ..\Core\Src\Servo.c                      0x00000000   Number         0  servo.o ABSOLUTE
    ..\Core\Src\dma.c                        0x00000000   Number         0  dma.o ABSOLUTE
    ..\Core\Src\encoder.c                    0x00000000   Number         0  encoder.o ABSOLUTE
    ..\Core\Src\gpio.c                       0x00000000   Number         0  gpio.o ABSOLUTE
    ..\Core\Src\main.c                       0x00000000   Number         0  main.o ABSOLUTE
    ..\Core\Src\stm32f4xx_hal_msp.c          0x00000000   Number         0  stm32f4xx_hal_msp.o ABSOLUTE
    ..\Core\Src\stm32f4xx_it.c               0x00000000   Number         0  stm32f4xx_it.o ABSOLUTE
    ..\Core\Src\system_stm32f4xx.c           0x00000000   Number         0  system_stm32f4xx.o ABSOLUTE
    ..\Core\Src\tim.c                        0x00000000   Number         0  tim.o ABSOLUTE
    ..\Core\Src\usart.c                      0x00000000   Number         0  usart.o ABSOLUTE
    ..\Drivers\STM32F4xx_HAL_Driver\Src\stm32f4xx_hal.c 0x00000000   Number         0  stm32f4xx_hal.o ABSOLUTE
    ..\Drivers\STM32F4xx_HAL_Driver\Src\stm32f4xx_hal_cortex.c 0x00000000   Number         0  stm32f4xx_hal_cortex.o ABSOLUTE
    ..\Drivers\STM32F4xx_HAL_Driver\Src\stm32f4xx_hal_dma.c 0x00000000   Number         0  stm32f4xx_hal_dma.o ABSOLUTE
    ..\Drivers\STM32F4xx_HAL_Driver\Src\stm32f4xx_hal_dma_ex.c 0x00000000   Number         0  stm32f4xx_hal_dma_ex.o ABSOLUTE
    ..\Drivers\STM32F4xx_HAL_Driver\Src\stm32f4xx_hal_exti.c 0x00000000   Number         0  stm32f4xx_hal_exti.o ABSOLUTE
    ..\Drivers\STM32F4xx_HAL_Driver\Src\stm32f4xx_hal_flash.c 0x00000000   Number         0  stm32f4xx_hal_flash.o ABSOLUTE
    ..\Drivers\STM32F4xx_HAL_Driver\Src\stm32f4xx_hal_flash_ex.c 0x00000000   Number         0  stm32f4xx_hal_flash_ex.o ABSOLUTE
    ..\Drivers\STM32F4xx_HAL_Driver\Src\stm32f4xx_hal_flash_ramfunc.c 0x00000000   Number         0  stm32f4xx_hal_flash_ramfunc.o ABSOLUTE
    ..\Drivers\STM32F4xx_HAL_Driver\Src\stm32f4xx_hal_gpio.c 0x00000000   Number         0  stm32f4xx_hal_gpio.o ABSOLUTE
    ..\Drivers\STM32F4xx_HAL_Driver\Src\stm32f4xx_hal_pwr.c 0x00000000   Number         0  stm32f4xx_hal_pwr.o ABSOLUTE
    ..\Drivers\STM32F4xx_HAL_Driver\Src\stm32f4xx_hal_pwr_ex.c 0x00000000   Number         0  stm32f4xx_hal_pwr_ex.o ABSOLUTE
    ..\Drivers\STM32F4xx_HAL_Driver\Src\stm32f4xx_hal_rcc.c 0x00000000   Number         0  stm32f4xx_hal_rcc.o ABSOLUTE
    ..\Drivers\STM32F4xx_HAL_Driver\Src\stm32f4xx_hal_rcc_ex.c 0x00000000   Number         0  stm32f4xx_hal_rcc_ex.o ABSOLUTE
    ..\Drivers\STM32F4xx_HAL_Driver\Src\stm32f4xx_hal_tim.c 0x00000000   Number         0  stm32f4xx_hal_tim.o ABSOLUTE
    ..\Drivers\STM32F4xx_HAL_Driver\Src\stm32f4xx_hal_tim_ex.c 0x00000000   Number         0  stm32f4xx_hal_tim_ex.o ABSOLUTE
    ..\Drivers\STM32F4xx_HAL_Driver\Src\stm32f4xx_hal_uart.c 0x00000000   Number         0  stm32f4xx_hal_uart.o ABSOLUTE
    ..\\Core\\Src\\Control.c                 0x00000000   Number         0  control.o ABSOLUTE
    ..\\Core\\Src\\JY901.c                   0x00000000   Number         0  jy901.o ABSOLUTE
    ..\\Core\\Src\\Motor.c                   0x00000000   Number         0  motor.o ABSOLUTE
    ..\\Core\\Src\\Servo.c                   0x00000000   Number         0  servo.o ABSOLUTE
    dc.s                                     0x00000000   Number         0  dc.o ABSOLUTE
    startup_stm32f401xc.s                    0x00000000   Number         0  startup_stm32f401xc.o ABSOLUTE
    RESET                                    0x08000000   Section      404  startup_stm32f401xc.o(RESET)
    !!!main                                  0x08000194   Section        8  __main.o(!!!main)
    !!!scatter                               0x0800019c   Section       52  __scatter.o(!!!scatter)
    !!dczerorl2                              0x080001d0   Section       90  __dczerorl2.o(!!dczerorl2)
    !!handler_zi                             0x0800022c   Section       28  __scatter_zi.o(!!handler_zi)
    .ARM.Collect$$libinit$$00000000          0x08000248   Section        2  libinit.o(.ARM.Collect$$libinit$$00000000)
    .ARM.Collect$$libinit$$00000001          0x0800024a   Section        4  libinit2.o(.ARM.Collect$$libinit$$00000001)
    .ARM.Collect$$libinit$$00000004          0x0800024e   Section        0  libinit2.o(.ARM.Collect$$libinit$$00000004)
    .ARM.Collect$$libinit$$0000000A          0x0800024e   Section        0  libinit2.o(.ARM.Collect$$libinit$$0000000A)
    .ARM.Collect$$libinit$$0000000C          0x0800024e   Section        0  libinit2.o(.ARM.Collect$$libinit$$0000000C)
    .ARM.Collect$$libinit$$0000000E          0x0800024e   Section        0  libinit2.o(.ARM.Collect$$libinit$$0000000E)
    .ARM.Collect$$libinit$$00000011          0x0800024e   Section        0  libinit2.o(.ARM.Collect$$libinit$$00000011)
    .ARM.Collect$$libinit$$00000013          0x0800024e   Section        0  libinit2.o(.ARM.Collect$$libinit$$00000013)
    .ARM.Collect$$libinit$$00000015          0x0800024e   Section        0  libinit2.o(.ARM.Collect$$libinit$$00000015)
    .ARM.Collect$$libinit$$00000017          0x0800024e   Section        0  libinit2.o(.ARM.Collect$$libinit$$00000017)
    .ARM.Collect$$libinit$$00000019          0x0800024e   Section        0  libinit2.o(.ARM.Collect$$libinit$$00000019)
    .ARM.Collect$$libinit$$0000001B          0x0800024e   Section        0  libinit2.o(.ARM.Collect$$libinit$$0000001B)
    .ARM.Collect$$libinit$$0000001D          0x0800024e   Section        0  libinit2.o(.ARM.Collect$$libinit$$0000001D)
    .ARM.Collect$$libinit$$0000001F          0x0800024e   Section        0  libinit2.o(.ARM.Collect$$libinit$$0000001F)
    .ARM.Collect$$libinit$$00000021          0x0800024e   Section        0  libinit2.o(.ARM.Collect$$libinit$$00000021)
    .ARM.Collect$$libinit$$00000023          0x0800024e   Section        0  libinit2.o(.ARM.Collect$$libinit$$00000023)
    .ARM.Collect$$libinit$$00000025          0x0800024e   Section        0  libinit2.o(.ARM.Collect$$libinit$$00000025)
    .ARM.Collect$$libinit$$0000002C          0x0800024e   Section        0  libinit2.o(.ARM.Collect$$libinit$$0000002C)
    .ARM.Collect$$libinit$$0000002E          0x0800024e   Section        0  libinit2.o(.ARM.Collect$$libinit$$0000002E)
    .ARM.Collect$$libinit$$00000030          0x0800024e   Section        0  libinit2.o(.ARM.Collect$$libinit$$00000030)
    .ARM.Collect$$libinit$$00000032          0x0800024e   Section        0  libinit2.o(.ARM.Collect$$libinit$$00000032)
    .ARM.Collect$$libinit$$00000033          0x0800024e   Section        2  libinit2.o(.ARM.Collect$$libinit$$00000033)
    .ARM.Collect$$libshutdown$$00000000      0x08000250   Section        2  libshutdown.o(.ARM.Collect$$libshutdown$$00000000)
    .ARM.Collect$$libshutdown$$00000002      0x08000252   Section        0  libshutdown2.o(.ARM.Collect$$libshutdown$$00000002)
    .ARM.Collect$$libshutdown$$00000004      0x08000252   Section        0  libshutdown2.o(.ARM.Collect$$libshutdown$$00000004)
    .ARM.Collect$$libshutdown$$00000007      0x08000252   Section        0  libshutdown2.o(.ARM.Collect$$libshutdown$$00000007)
    .ARM.Collect$$libshutdown$$0000000A      0x08000252   Section        0  libshutdown2.o(.ARM.Collect$$libshutdown$$0000000A)
    .ARM.Collect$$libshutdown$$0000000C      0x08000252   Section        0  libshutdown2.o(.ARM.Collect$$libshutdown$$0000000C)
    .ARM.Collect$$libshutdown$$0000000F      0x08000252   Section        0  libshutdown2.o(.ARM.Collect$$libshutdown$$0000000F)
    .ARM.Collect$$libshutdown$$00000010      0x08000252   Section        2  libshutdown2.o(.ARM.Collect$$libshutdown$$00000010)
    .ARM.Collect$$rtentry$$00000000          0x08000254   Section        0  __rtentry.o(.ARM.Collect$$rtentry$$00000000)
    .ARM.Collect$$rtentry$$00000002          0x08000254   Section        0  __rtentry2.o(.ARM.Collect$$rtentry$$00000002)
    .ARM.Collect$$rtentry$$00000004          0x08000254   Section        6  __rtentry4.o(.ARM.Collect$$rtentry$$00000004)
    .ARM.Collect$$rtentry$$00000009          0x0800025a   Section        0  __rtentry2.o(.ARM.Collect$$rtentry$$00000009)
    .ARM.Collect$$rtentry$$0000000A          0x0800025a   Section        4  __rtentry2.o(.ARM.Collect$$rtentry$$0000000A)
    .ARM.Collect$$rtentry$$0000000C          0x0800025e   Section        0  __rtentry2.o(.ARM.Collect$$rtentry$$0000000C)
    .ARM.Collect$$rtentry$$0000000D          0x0800025e   Section        8  __rtentry2.o(.ARM.Collect$$rtentry$$0000000D)
    .ARM.Collect$$rtexit$$00000000           0x08000266   Section        2  rtexit.o(.ARM.Collect$$rtexit$$00000000)
    .ARM.Collect$$rtexit$$00000002           0x08000268   Section        0  rtexit2.o(.ARM.Collect$$rtexit$$00000002)
    .ARM.Collect$$rtexit$$00000003           0x08000268   Section        4  rtexit2.o(.ARM.Collect$$rtexit$$00000003)
    .ARM.Collect$$rtexit$$00000004           0x0800026c   Section        6  rtexit2.o(.ARM.Collect$$rtexit$$00000004)
    .text                                    0x08000274   Section       64  startup_stm32f401xc.o(.text)
    $v0                                      0x08000274   Number         0  startup_stm32f401xc.o(.text)
    .text                                    0x080002b4   Section      238  lludivv7m.o(.text)
    .text                                    0x080003a2   Section       78  rt_memclr_w.o(.text)
    .text                                    0x080003f0   Section        0  heapauxi.o(.text)
    .text                                    0x080003f6   Section       74  sys_stackheap_outer.o(.text)
    .text                                    0x08000440   Section        0  exit.o(.text)
    .text                                    0x08000454   Section        8  libspace.o(.text)
    .text                                    0x0800045c   Section        0  sys_exit.o(.text)
    .text                                    0x08000468   Section        2  use_no_semi.o(.text)
    .text                                    0x0800046a   Section        0  indicate_semi.o(.text)
    i.BusFault_Handler                       0x0800046a   Section        0  stm32f4xx_it.o(i.BusFault_Handler)
    i.DMA1_Stream5_IRQHandler                0x0800046c   Section        0  stm32f4xx_it.o(i.DMA1_Stream5_IRQHandler)
    i.DMA_CalcBaseAndBitshift                0x08000478   Section        0  stm32f4xx_hal_dma.o(i.DMA_CalcBaseAndBitshift)
    DMA_CalcBaseAndBitshift                  0x08000479   Thumb Code    34  stm32f4xx_hal_dma.o(i.DMA_CalcBaseAndBitshift)
    i.DMA_CheckFifoParam                     0x080004a0   Section        0  stm32f4xx_hal_dma.o(i.DMA_CheckFifoParam)
    DMA_CheckFifoParam                       0x080004a1   Thumb Code    84  stm32f4xx_hal_dma.o(i.DMA_CheckFifoParam)
    i.DMA_SetConfig                          0x080004f4   Section        0  stm32f4xx_hal_dma.o(i.DMA_SetConfig)
    DMA_SetConfig                            0x080004f5   Thumb Code    40  stm32f4xx_hal_dma.o(i.DMA_SetConfig)
    i.DebugMon_Handler                       0x0800051c   Section        0  stm32f4xx_it.o(i.DebugMon_Handler)
    i.Error_Handler                          0x0800051e   Section        0  main.o(i.Error_Handler)
    i.Get_Encoder                            0x08000524   Section        0  motor.o(i.Get_Encoder)
    i.HAL_DMA_Abort                          0x08000560   Section        0  stm32f4xx_hal_dma.o(i.HAL_DMA_Abort)
    i.HAL_DMA_Abort_IT                       0x080005f2   Section        0  stm32f4xx_hal_dma.o(i.HAL_DMA_Abort_IT)
    i.HAL_DMA_IRQHandler                     0x08000618   Section        0  stm32f4xx_hal_dma.o(i.HAL_DMA_IRQHandler)
    i.HAL_DMA_Init                           0x080007b8   Section        0  stm32f4xx_hal_dma.o(i.HAL_DMA_Init)
    i.HAL_DMA_Start_IT                       0x0800088c   Section        0  stm32f4xx_hal_dma.o(i.HAL_DMA_Start_IT)
    i.HAL_Delay                              0x080008fc   Section        0  stm32f4xx_hal.o(i.HAL_Delay)
    i.HAL_GPIO_Init                          0x08000920   Section        0  stm32f4xx_hal_gpio.o(i.HAL_GPIO_Init)
    i.HAL_GPIO_WritePin                      0x08000b00   Section        0  stm32f4xx_hal_gpio.o(i.HAL_GPIO_WritePin)
    i.HAL_GetTick                            0x08000b0c   Section        0  stm32f4xx_hal.o(i.HAL_GetTick)
    i.HAL_IncTick                            0x08000b18   Section        0  stm32f4xx_hal.o(i.HAL_IncTick)
    i.HAL_Init                               0x08000b28   Section        0  stm32f4xx_hal.o(i.HAL_Init)
    i.HAL_InitTick                           0x08000b5c   Section        0  stm32f4xx_hal.o(i.HAL_InitTick)
    i.HAL_MspInit                            0x08000b9c   Section        0  stm32f4xx_hal_msp.o(i.HAL_MspInit)
    i.HAL_NVIC_EnableIRQ                     0x08000bcc   Section        0  stm32f4xx_hal_cortex.o(i.HAL_NVIC_EnableIRQ)
    i.HAL_NVIC_SetPriority                   0x08000be8   Section        0  stm32f4xx_hal_cortex.o(i.HAL_NVIC_SetPriority)
    i.HAL_NVIC_SetPriorityGrouping           0x08000c28   Section        0  stm32f4xx_hal_cortex.o(i.HAL_NVIC_SetPriorityGrouping)
    i.HAL_RCC_ClockConfig                    0x08000c4c   Section        0  stm32f4xx_hal_rcc.o(i.HAL_RCC_ClockConfig)
    i.HAL_RCC_GetPCLK1Freq                   0x08000d80   Section        0  stm32f4xx_hal_rcc.o(i.HAL_RCC_GetPCLK1Freq)
    i.HAL_RCC_GetPCLK2Freq                   0x08000da0   Section        0  stm32f4xx_hal_rcc.o(i.HAL_RCC_GetPCLK2Freq)
    i.HAL_RCC_GetSysClockFreq                0x08000dc0   Section        0  stm32f4xx_hal_rcc.o(i.HAL_RCC_GetSysClockFreq)
    i.HAL_RCC_OscConfig                      0x08000e24   Section        0  stm32f4xx_hal_rcc.o(i.HAL_RCC_OscConfig)
    i.HAL_SYSTICK_Config                     0x08001190   Section        0  stm32f4xx_hal_cortex.o(i.HAL_SYSTICK_Config)
    i.HAL_TIMEx_BreakCallback                0x080011b8   Section        0  stm32f4xx_hal_tim_ex.o(i.HAL_TIMEx_BreakCallback)
    i.HAL_TIMEx_CommutCallback               0x080011ba   Section        0  stm32f4xx_hal_tim_ex.o(i.HAL_TIMEx_CommutCallback)
    i.HAL_TIMEx_MasterConfigSynchronization  0x080011bc   Section        0  stm32f4xx_hal_tim_ex.o(i.HAL_TIMEx_MasterConfigSynchronization)
    i.HAL_TIM_Base_Init                      0x08001238   Section        0  stm32f4xx_hal_tim.o(i.HAL_TIM_Base_Init)
    i.HAL_TIM_Base_MspInit                   0x08001294   Section        0  tim.o(i.HAL_TIM_Base_MspInit)
    i.HAL_TIM_ConfigClockSource              0x0800132c   Section        0  stm32f4xx_hal_tim.o(i.HAL_TIM_ConfigClockSource)
    i.HAL_TIM_Encoder_Init                   0x08001408   Section        0  stm32f4xx_hal_tim.o(i.HAL_TIM_Encoder_Init)
    i.HAL_TIM_Encoder_MspInit                0x080014ac   Section        0  tim.o(i.HAL_TIM_Encoder_MspInit)
    i.HAL_TIM_Encoder_Start                  0x08001568   Section        0  stm32f4xx_hal_tim.o(i.HAL_TIM_Encoder_Start)
    i.HAL_TIM_IC_CaptureCallback             0x080015f6   Section        0  stm32f4xx_hal_tim.o(i.HAL_TIM_IC_CaptureCallback)
    i.HAL_TIM_IRQHandler                     0x080015f8   Section        0  stm32f4xx_hal_tim.o(i.HAL_TIM_IRQHandler)
    i.HAL_TIM_MspPostInit                    0x08001728   Section        0  tim.o(i.HAL_TIM_MspPostInit)
    i.HAL_TIM_OC_DelayElapsedCallback        0x080017a0   Section        0  stm32f4xx_hal_tim.o(i.HAL_TIM_OC_DelayElapsedCallback)
    i.HAL_TIM_PWM_ConfigChannel              0x080017a2   Section        0  stm32f4xx_hal_tim.o(i.HAL_TIM_PWM_ConfigChannel)
    i.HAL_TIM_PWM_Init                       0x0800186e   Section        0  stm32f4xx_hal_tim.o(i.HAL_TIM_PWM_Init)
    i.HAL_TIM_PWM_MspInit                    0x080018c8   Section        0  stm32f4xx_hal_tim.o(i.HAL_TIM_PWM_MspInit)
    i.HAL_TIM_PWM_PulseFinishedCallback      0x080018ca   Section        0  stm32f4xx_hal_tim.o(i.HAL_TIM_PWM_PulseFinishedCallback)
    i.HAL_TIM_PWM_Start                      0x080018cc   Section        0  stm32f4xx_hal_tim.o(i.HAL_TIM_PWM_Start)
    i.HAL_TIM_PeriodElapsedCallback          0x0800197c   Section        0  main.o(i.HAL_TIM_PeriodElapsedCallback)
    i.HAL_TIM_TriggerCallback                0x080019a4   Section        0  stm32f4xx_hal_tim.o(i.HAL_TIM_TriggerCallback)
    i.HAL_UARTEx_ReceiveToIdle_DMA           0x080019a6   Section        0  stm32f4xx_hal_uart.o(i.HAL_UARTEx_ReceiveToIdle_DMA)
    i.HAL_UARTEx_RxEventCallback             0x080019f4   Section        0  main.o(i.HAL_UARTEx_RxEventCallback)
    i.HAL_UART_ErrorCallback                 0x08001acc   Section        0  stm32f4xx_hal_uart.o(i.HAL_UART_ErrorCallback)
    i.HAL_UART_IRQHandler                    0x08001ad0   Section        0  stm32f4xx_hal_uart.o(i.HAL_UART_IRQHandler)
    i.HAL_UART_Init                          0x08001d40   Section        0  stm32f4xx_hal_uart.o(i.HAL_UART_Init)
    i.HAL_UART_MspInit                       0x08001da4   Section        0  usart.o(i.HAL_UART_MspInit)
    i.HAL_UART_RxCpltCallback                0x08001ee8   Section        0  stm32f4xx_hal_uart.o(i.HAL_UART_RxCpltCallback)
    i.HAL_UART_RxHalfCpltCallback            0x08001eea   Section        0  stm32f4xx_hal_uart.o(i.HAL_UART_RxHalfCpltCallback)
    i.HAL_UART_Transmit                      0x08001eec   Section        0  stm32f4xx_hal_uart.o(i.HAL_UART_Transmit)
    i.HAL_UART_TxCpltCallback                0x08001f8c   Section        0  stm32f4xx_hal_uart.o(i.HAL_UART_TxCpltCallback)
    i.HardFault_Handler                      0x08001f8e   Section        0  stm32f4xx_it.o(i.HardFault_Handler)
    i.JY901_Get_Data                         0x08001f90   Section        0  jy901.o(i.JY901_Get_Data)
    i.JY901_Init                             0x08001fd0   Section        0  jy901.o(i.JY901_Init)
    i.JY901_Send_CMD                         0x08002000   Section        0  jy901.o(i.JY901_Send_CMD)
    i.MX_DMA_Init                            0x08002014   Section        0  dma.o(i.MX_DMA_Init)
    i.MX_GPIO_Init                           0x08002040   Section        0  gpio.o(i.MX_GPIO_Init)
    i.MX_TIM1_Init                           0x080020cc   Section        0  tim.o(i.MX_TIM1_Init)
    i.MX_TIM2_Init                           0x0800213c   Section        0  tim.o(i.MX_TIM2_Init)
    i.MX_TIM3_Init                           0x080021e0   Section        0  tim.o(i.MX_TIM3_Init)
    i.MX_TIM4_Init                           0x0800224c   Section        0  tim.o(i.MX_TIM4_Init)
    i.MX_TIM5_Init                           0x080022b4   Section        0  tim.o(i.MX_TIM5_Init)
    i.MX_TIM9_Init                           0x08002350   Section        0  tim.o(i.MX_TIM9_Init)
    i.MX_USART1_UART_Init                    0x0800239c   Section        0  usart.o(i.MX_USART1_UART_Init)
    i.MX_USART2_UART_Init                    0x080023d4   Section        0  usart.o(i.MX_USART2_UART_Init)
    i.MemManage_Handler                      0x0800240c   Section        0  stm32f4xx_it.o(i.MemManage_Handler)
    i.Motor_Speed_Control                    0x0800240e   Section        0  motor.o(i.Motor_Speed_Control)
    i.NMI_Handler                            0x08002516   Section        0  stm32f4xx_it.o(i.NMI_Handler)
    i.PendSV_Handler                         0x08002518   Section        0  stm32f4xx_it.o(i.PendSV_Handler)
    i.SVC_Handler                            0x0800251a   Section        0  stm32f4xx_it.o(i.SVC_Handler)
    i.SysTick_Handler                        0x0800251c   Section        0  stm32f4xx_it.o(i.SysTick_Handler)
    i.SystemClock_Config                     0x08002520   Section        0  main.o(i.SystemClock_Config)
    i.SystemInit                             0x080025b4   Section        0  system_stm32f4xx.o(i.SystemInit)
    i.TIM1_BRK_TIM9_IRQHandler               0x080025c4   Section        0  stm32f4xx_it.o(i.TIM1_BRK_TIM9_IRQHandler)
    i.TIM4_IRQHandler                        0x080025e0   Section        0  stm32f4xx_it.o(i.TIM4_IRQHandler)
    i.TIM_Base_SetConfig                     0x080025ec   Section        0  stm32f4xx_hal_tim.o(i.TIM_Base_SetConfig)
    i.TIM_CCxChannelCmd                      0x08002690   Section        0  stm32f4xx_hal_tim.o(i.TIM_CCxChannelCmd)
    i.TIM_ETR_SetConfig                      0x080026aa   Section        0  stm32f4xx_hal_tim.o(i.TIM_ETR_SetConfig)
    i.TIM_ITRx_SetConfig                     0x080026be   Section        0  stm32f4xx_hal_tim.o(i.TIM_ITRx_SetConfig)
    TIM_ITRx_SetConfig                       0x080026bf   Thumb Code    16  stm32f4xx_hal_tim.o(i.TIM_ITRx_SetConfig)
    i.TIM_OC1_SetConfig                      0x080026d0   Section        0  stm32f4xx_hal_tim.o(i.TIM_OC1_SetConfig)
    TIM_OC1_SetConfig                        0x080026d1   Thumb Code    74  stm32f4xx_hal_tim.o(i.TIM_OC1_SetConfig)
    i.TIM_OC2_SetConfig                      0x08002720   Section        0  stm32f4xx_hal_tim.o(i.TIM_OC2_SetConfig)
    i.TIM_OC3_SetConfig                      0x08002778   Section        0  stm32f4xx_hal_tim.o(i.TIM_OC3_SetConfig)
    TIM_OC3_SetConfig                        0x08002779   Thumb Code    82  stm32f4xx_hal_tim.o(i.TIM_OC3_SetConfig)
    i.TIM_OC4_SetConfig                      0x080027d0   Section        0  stm32f4xx_hal_tim.o(i.TIM_OC4_SetConfig)
    TIM_OC4_SetConfig                        0x080027d1   Thumb Code    64  stm32f4xx_hal_tim.o(i.TIM_OC4_SetConfig)
    i.TIM_TI1_ConfigInputStage               0x08002814   Section        0  stm32f4xx_hal_tim.o(i.TIM_TI1_ConfigInputStage)
    TIM_TI1_ConfigInputStage                 0x08002815   Thumb Code    34  stm32f4xx_hal_tim.o(i.TIM_TI1_ConfigInputStage)
    i.TIM_TI2_ConfigInputStage               0x08002836   Section        0  stm32f4xx_hal_tim.o(i.TIM_TI2_ConfigInputStage)
    TIM_TI2_ConfigInputStage                 0x08002837   Thumb Code    36  stm32f4xx_hal_tim.o(i.TIM_TI2_ConfigInputStage)
    i.UART_DMAAbortOnError                   0x0800285a   Section        0  stm32f4xx_hal_uart.o(i.UART_DMAAbortOnError)
    UART_DMAAbortOnError                     0x0800285b   Thumb Code    16  stm32f4xx_hal_uart.o(i.UART_DMAAbortOnError)
    i.UART_DMAError                          0x0800286a   Section        0  stm32f4xx_hal_uart.o(i.UART_DMAError)
    UART_DMAError                            0x0800286b   Thumb Code    74  stm32f4xx_hal_uart.o(i.UART_DMAError)
    i.UART_DMAReceiveCplt                    0x080028b4   Section        0  stm32f4xx_hal_uart.o(i.UART_DMAReceiveCplt)
    UART_DMAReceiveCplt                      0x080028b5   Thumb Code   134  stm32f4xx_hal_uart.o(i.UART_DMAReceiveCplt)
    i.UART_DMARxHalfCplt                     0x0800293a   Section        0  stm32f4xx_hal_uart.o(i.UART_DMARxHalfCplt)
    UART_DMARxHalfCplt                       0x0800293b   Thumb Code    30  stm32f4xx_hal_uart.o(i.UART_DMARxHalfCplt)
    i.UART_EndRxTransfer                     0x08002958   Section        0  stm32f4xx_hal_uart.o(i.UART_EndRxTransfer)
    UART_EndRxTransfer                       0x08002959   Thumb Code    78  stm32f4xx_hal_uart.o(i.UART_EndRxTransfer)
    i.UART_EndTxTransfer                     0x080029a6   Section        0  stm32f4xx_hal_uart.o(i.UART_EndTxTransfer)
    UART_EndTxTransfer                       0x080029a7   Thumb Code    28  stm32f4xx_hal_uart.o(i.UART_EndTxTransfer)
    i.UART_Receive_IT                        0x080029c2   Section        0  stm32f4xx_hal_uart.o(i.UART_Receive_IT)
    UART_Receive_IT                          0x080029c3   Thumb Code   194  stm32f4xx_hal_uart.o(i.UART_Receive_IT)
    i.UART_SetConfig                         0x08002a84   Section        0  stm32f4xx_hal_uart.o(i.UART_SetConfig)
    UART_SetConfig                           0x08002a85   Thumb Code   258  stm32f4xx_hal_uart.o(i.UART_SetConfig)
    i.UART_Start_Receive_DMA                 0x08002b90   Section        0  stm32f4xx_hal_uart.o(i.UART_Start_Receive_DMA)
    i.UART_WaitOnFlagUntilTimeout            0x08002c20   Section        0  stm32f4xx_hal_uart.o(i.UART_WaitOnFlagUntilTimeout)
    UART_WaitOnFlagUntilTimeout              0x08002c21   Thumb Code   114  stm32f4xx_hal_uart.o(i.UART_WaitOnFlagUntilTimeout)
    i.USART1_IRQHandler                      0x08002c94   Section        0  stm32f4xx_it.o(i.USART1_IRQHandler)
    i.USART2_IRQHandler                      0x08002ca0   Section        0  stm32f4xx_it.o(i.USART2_IRQHandler)
    i.UsageFault_Handler                     0x08002cac   Section        0  stm32f4xx_it.o(i.UsageFault_Handler)
    i.__NVIC_SetPriority                     0x08002cae   Section        0  stm32f4xx_hal_cortex.o(i.__NVIC_SetPriority)
    __NVIC_SetPriority                       0x08002caf   Thumb Code    32  stm32f4xx_hal_cortex.o(i.__NVIC_SetPriority)
    i.main                                   0x08002cd0   Section        0  main.o(i.main)
    x$fpl$d2f                                0x08002d50   Section       98  d2f.o(x$fpl$d2f)
    $v0                                      0x08002d50   Number         0  d2f.o(x$fpl$d2f)
    x$fpl$dadd                               0x08002db4   Section      336  daddsub_clz.o(x$fpl$dadd)
    $v0                                      0x08002db4   Number         0  daddsub_clz.o(x$fpl$dadd)
    _dadd1                                   0x08002dc5   Thumb Code     0  daddsub_clz.o(x$fpl$dadd)
    x$fpl$dcmpinf                            0x08002f04   Section       24  dcmpi.o(x$fpl$dcmpinf)
    $v0                                      0x08002f04   Number         0  dcmpi.o(x$fpl$dcmpinf)
    x$fpl$ddiv                               0x08002f1c   Section      688  ddiv.o(x$fpl$ddiv)
    $v0                                      0x08002f1c   Number         0  ddiv.o(x$fpl$ddiv)
    ddiv_entry                               0x08002f23   Thumb Code     0  ddiv.o(x$fpl$ddiv)
    x$fpl$dfix                               0x080031cc   Section       94  dfix.o(x$fpl$dfix)
    $v0                                      0x080031cc   Number         0  dfix.o(x$fpl$dfix)
    x$fpl$dflt                               0x0800322a   Section       46  dflt_clz.o(x$fpl$dflt)
    $v0                                      0x0800322a   Number         0  dflt_clz.o(x$fpl$dflt)
    x$fpl$dleqf                              0x08003258   Section      120  dleqf.o(x$fpl$dleqf)
    $v0                                      0x08003258   Number         0  dleqf.o(x$fpl$dleqf)
    x$fpl$dmul                               0x080032d0   Section      340  dmul.o(x$fpl$dmul)
    $v0                                      0x080032d0   Number         0  dmul.o(x$fpl$dmul)
    x$fpl$dnaninf                            0x08003424   Section      156  dnaninf.o(x$fpl$dnaninf)
    $v0                                      0x08003424   Number         0  dnaninf.o(x$fpl$dnaninf)
    x$fpl$dretinf                            0x080034c0   Section       12  dretinf.o(x$fpl$dretinf)
    $v0                                      0x080034c0   Number         0  dretinf.o(x$fpl$dretinf)
    x$fpl$drleqf                             0x080034cc   Section      108  drleqf.o(x$fpl$drleqf)
    $v0                                      0x080034cc   Number         0  drleqf.o(x$fpl$drleqf)
    x$fpl$dsub                               0x08003538   Section      468  daddsub_clz.o(x$fpl$dsub)
    $v0                                      0x08003538   Number         0  daddsub_clz.o(x$fpl$dsub)
    _dsub1                                   0x08003549   Thumb Code     0  daddsub_clz.o(x$fpl$dsub)
    x$fpl$f2d                                0x0800370c   Section       86  f2d.o(x$fpl$f2d)
    $v0                                      0x0800370c   Number         0  f2d.o(x$fpl$f2d)
    x$fpl$fnaninf                            0x08003762   Section      140  fnaninf.o(x$fpl$fnaninf)
    $v0                                      0x08003762   Number         0  fnaninf.o(x$fpl$fnaninf)
    x$fpl$fpinit                             0x080037ee   Section       10  fpinit.o(x$fpl$fpinit)
    $v0                                      0x080037ee   Number         0  fpinit.o(x$fpl$fpinit)
    x$fpl$fretinf                            0x080037f8   Section       10  fretinf.o(x$fpl$fretinf)
    $v0                                      0x080037f8   Number         0  fretinf.o(x$fpl$fretinf)
    .constdata                               0x08003802   Section        8  stm32f4xx_hal_dma.o(.constdata)
    x$fpl$usenofp                            0x08003802   Section        0  usenofp.o(x$fpl$usenofp)
    flagBitshiftOffset                       0x08003802   Data           8  stm32f4xx_hal_dma.o(.constdata)
    .constdata                               0x0800380a   Section       16  system_stm32f4xx.o(.constdata)
    .constdata                               0x0800381a   Section        8  system_stm32f4xx.o(.constdata)
    .data                                    0x20000000   Section       42  jy901.o(.data)
    .data                                    0x20000030   Section      176  motor.o(.data)
    .data                                    0x200000e0   Section       96  control.o(.data)
    .data                                    0x20000140   Section       12  stm32f4xx_hal.o(.data)
    .data                                    0x2000014c   Section        4  system_stm32f4xx.o(.data)
    .bss                                     0x20000150   Section       36  main.o(.bss)
    .bss                                     0x20000174   Section      432  tim.o(.bss)
    .bss                                     0x20000324   Section      240  usart.o(.bss)
    .bss                                     0x20000414   Section       96  libspace.o(.bss)
    HEAP                                     0x20000478   Section      512  startup_stm32f401xc.o(HEAP)
    Heap_Mem                                 0x20000478   Data         512  startup_stm32f401xc.o(HEAP)
    STACK                                    0x20000678   Section     1024  startup_stm32f401xc.o(STACK)
    Stack_Mem                                0x20000678   Data        1024  startup_stm32f401xc.o(STACK)
    __initial_sp                             0x20000a78   Data           0  startup_stm32f401xc.o(STACK)

    Global Symbols

    Symbol Name                              Value     Ov Type        Size  Object(Section)

    BuildAttributes$$THM_ISAv4$E$P$D$K$B$S$7EM$VFPi3$EXTD16$VFPS$VFMA$PE$A:L22UL41UL21$X:L11$S22US41US21$IEEE1$IW$USESV6$~STKCKD$USESV7$~SHL$OSPACE$ROPI$EBA8$UX$STANDARDLIB$REQ8$PRES8$EABIv2 0x00000000   Number         0  anon$$obj.o ABSOLUTE
    __ARM_use_no_argv                        0x00000000   Number         0  main.o ABSOLUTE
    __ARM_exceptions_init                     - Undefined Weak Reference
    __alloca_initialize                       - Undefined Weak Reference
    __arm_preinit_                            - Undefined Weak Reference
    __cpp_initialize__aeabi_                  - Undefined Weak Reference
    __cxa_finalize                            - Undefined Weak Reference
    __rt_locale                               - Undefined Weak Reference
    __sigvec_lookup                           - Undefined Weak Reference
    _atexit_init                              - Undefined Weak Reference
    _call_atexit_fns                          - Undefined Weak Reference
    _clock_init                               - Undefined Weak Reference
    _fp_trap_init                             - Undefined Weak Reference
    _fp_trap_shutdown                         - Undefined Weak Reference
    _get_lc_collate                           - Undefined Weak Reference
    _get_lc_ctype                             - Undefined Weak Reference
    _get_lc_monetary                          - Undefined Weak Reference
    _get_lc_numeric                           - Undefined Weak Reference
    _get_lc_time                              - Undefined Weak Reference
    _getenv_init                              - Undefined Weak Reference
    _handle_redirection                       - Undefined Weak Reference
    _init_alloc                               - Undefined Weak Reference
    _init_user_alloc                          - Undefined Weak Reference
    _initio                                   - Undefined Weak Reference
    _rand_init                                - Undefined Weak Reference
    _signal_finish                            - Undefined Weak Reference
    _signal_init                              - Undefined Weak Reference
    _terminate_alloc                          - Undefined Weak Reference
    _terminate_user_alloc                     - Undefined Weak Reference
    _terminateio                              - Undefined Weak Reference
    __Vectors_Size                           0x00000194   Number         0  startup_stm32f401xc.o ABSOLUTE
    __Vectors                                0x08000000   Data           4  startup_stm32f401xc.o(RESET)
    __Vectors_End                            0x08000194   Data           0  startup_stm32f401xc.o(RESET)
    __main                                   0x08000195   Thumb Code     8  __main.o(!!!main)
    __scatterload                            0x0800019d   Thumb Code     0  __scatter.o(!!!scatter)
    __scatterload_rt2                        0x0800019d   Thumb Code    44  __scatter.o(!!!scatter)
    __scatterload_rt2_thumb_only             0x0800019d   Thumb Code     0  __scatter.o(!!!scatter)
    __scatterload_null                       0x080001ab   Thumb Code     0  __scatter.o(!!!scatter)
    __decompress                             0x080001d1   Thumb Code    90  __dczerorl2.o(!!dczerorl2)
    __decompress1                            0x080001d1   Thumb Code     0  __dczerorl2.o(!!dczerorl2)
    __scatterload_zeroinit                   0x0800022d   Thumb Code    28  __scatter_zi.o(!!handler_zi)
    __rt_lib_init                            0x08000249   Thumb Code     0  libinit.o(.ARM.Collect$$libinit$$00000000)
    __rt_lib_init_fp_1                       0x0800024b   Thumb Code     0  libinit2.o(.ARM.Collect$$libinit$$00000001)
    __rt_lib_init_alloca_1                   0x0800024f   Thumb Code     0  libinit2.o(.ARM.Collect$$libinit$$0000002E)
    __rt_lib_init_argv_1                     0x0800024f   Thumb Code     0  libinit2.o(.ARM.Collect$$libinit$$0000002C)
    __rt_lib_init_atexit_1                   0x0800024f   Thumb Code     0  libinit2.o(.ARM.Collect$$libinit$$0000001B)
    __rt_lib_init_clock_1                    0x0800024f   Thumb Code     0  libinit2.o(.ARM.Collect$$libinit$$00000021)
    __rt_lib_init_cpp_1                      0x0800024f   Thumb Code     0  libinit2.o(.ARM.Collect$$libinit$$00000032)
    __rt_lib_init_exceptions_1               0x0800024f   Thumb Code     0  libinit2.o(.ARM.Collect$$libinit$$00000030)
    __rt_lib_init_fp_trap_1                  0x0800024f   Thumb Code     0  libinit2.o(.ARM.Collect$$libinit$$0000001F)
    __rt_lib_init_getenv_1                   0x0800024f   Thumb Code     0  libinit2.o(.ARM.Collect$$libinit$$00000023)
    __rt_lib_init_heap_1                     0x0800024f   Thumb Code     0  libinit2.o(.ARM.Collect$$libinit$$0000000A)
    __rt_lib_init_lc_collate_1               0x0800024f   Thumb Code     0  libinit2.o(.ARM.Collect$$libinit$$00000011)
    __rt_lib_init_lc_ctype_1                 0x0800024f   Thumb Code     0  libinit2.o(.ARM.Collect$$libinit$$00000013)
    __rt_lib_init_lc_monetary_1              0x0800024f   Thumb Code     0  libinit2.o(.ARM.Collect$$libinit$$00000015)
    __rt_lib_init_lc_numeric_1               0x0800024f   Thumb Code     0  libinit2.o(.ARM.Collect$$libinit$$00000017)
    __rt_lib_init_lc_time_1                  0x0800024f   Thumb Code     0  libinit2.o(.ARM.Collect$$libinit$$00000019)
    __rt_lib_init_preinit_1                  0x0800024f   Thumb Code     0  libinit2.o(.ARM.Collect$$libinit$$00000004)
    __rt_lib_init_rand_1                     0x0800024f   Thumb Code     0  libinit2.o(.ARM.Collect$$libinit$$0000000E)
    __rt_lib_init_return                     0x0800024f   Thumb Code     0  libinit2.o(.ARM.Collect$$libinit$$00000033)
    __rt_lib_init_signal_1                   0x0800024f   Thumb Code     0  libinit2.o(.ARM.Collect$$libinit$$0000001D)
    __rt_lib_init_stdio_1                    0x0800024f   Thumb Code     0  libinit2.o(.ARM.Collect$$libinit$$00000025)
    __rt_lib_init_user_alloc_1               0x0800024f   Thumb Code     0  libinit2.o(.ARM.Collect$$libinit$$0000000C)
    __rt_lib_shutdown                        0x08000251   Thumb Code     0  libshutdown.o(.ARM.Collect$$libshutdown$$00000000)
    __rt_lib_shutdown_cpp_1                  0x08000253   Thumb Code     0  libshutdown2.o(.ARM.Collect$$libshutdown$$00000002)
    __rt_lib_shutdown_fp_trap_1              0x08000253   Thumb Code     0  libshutdown2.o(.ARM.Collect$$libshutdown$$00000007)
    __rt_lib_shutdown_heap_1                 0x08000253   Thumb Code     0  libshutdown2.o(.ARM.Collect$$libshutdown$$0000000F)
    __rt_lib_shutdown_return                 0x08000253   Thumb Code     0  libshutdown2.o(.ARM.Collect$$libshutdown$$00000010)
    __rt_lib_shutdown_signal_1               0x08000253   Thumb Code     0  libshutdown2.o(.ARM.Collect$$libshutdown$$0000000A)
    __rt_lib_shutdown_stdio_1                0x08000253   Thumb Code     0  libshutdown2.o(.ARM.Collect$$libshutdown$$00000004)
    __rt_lib_shutdown_user_alloc_1           0x08000253   Thumb Code     0  libshutdown2.o(.ARM.Collect$$libshutdown$$0000000C)
    __rt_entry                               0x08000255   Thumb Code     0  __rtentry.o(.ARM.Collect$$rtentry$$00000000)
    __rt_entry_presh_1                       0x08000255   Thumb Code     0  __rtentry2.o(.ARM.Collect$$rtentry$$00000002)
    __rt_entry_sh                            0x08000255   Thumb Code     0  __rtentry4.o(.ARM.Collect$$rtentry$$00000004)
    __rt_entry_li                            0x0800025b   Thumb Code     0  __rtentry2.o(.ARM.Collect$$rtentry$$0000000A)
    __rt_entry_postsh_1                      0x0800025b   Thumb Code     0  __rtentry2.o(.ARM.Collect$$rtentry$$00000009)
    __rt_entry_main                          0x0800025f   Thumb Code     0  __rtentry2.o(.ARM.Collect$$rtentry$$0000000D)
    __rt_entry_postli_1                      0x0800025f   Thumb Code     0  __rtentry2.o(.ARM.Collect$$rtentry$$0000000C)
    __rt_exit                                0x08000267   Thumb Code     0  rtexit.o(.ARM.Collect$$rtexit$$00000000)
    __rt_exit_ls                             0x08000269   Thumb Code     0  rtexit2.o(.ARM.Collect$$rtexit$$00000003)
    __rt_exit_prels_1                        0x08000269   Thumb Code     0  rtexit2.o(.ARM.Collect$$rtexit$$00000002)
    __rt_exit_exit                           0x0800026d   Thumb Code     0  rtexit2.o(.ARM.Collect$$rtexit$$00000004)
    Reset_Handler                            0x08000275   Thumb Code     8  startup_stm32f401xc.o(.text)
    ADC_IRQHandler                           0x0800028f   Thumb Code     0  startup_stm32f401xc.o(.text)
    DMA1_Stream0_IRQHandler                  0x0800028f   Thumb Code     0  startup_stm32f401xc.o(.text)
    DMA1_Stream1_IRQHandler                  0x0800028f   Thumb Code     0  startup_stm32f401xc.o(.text)
    DMA1_Stream2_IRQHandler                  0x0800028f   Thumb Code     0  startup_stm32f401xc.o(.text)
    DMA1_Stream3_IRQHandler                  0x0800028f   Thumb Code     0  startup_stm32f401xc.o(.text)
    DMA1_Stream4_IRQHandler                  0x0800028f   Thumb Code     0  startup_stm32f401xc.o(.text)
    DMA1_Stream6_IRQHandler                  0x0800028f   Thumb Code     0  startup_stm32f401xc.o(.text)
    DMA1_Stream7_IRQHandler                  0x0800028f   Thumb Code     0  startup_stm32f401xc.o(.text)
    DMA2_Stream0_IRQHandler                  0x0800028f   Thumb Code     0  startup_stm32f401xc.o(.text)
    DMA2_Stream1_IRQHandler                  0x0800028f   Thumb Code     0  startup_stm32f401xc.o(.text)
    DMA2_Stream2_IRQHandler                  0x0800028f   Thumb Code     0  startup_stm32f401xc.o(.text)
    DMA2_Stream3_IRQHandler                  0x0800028f   Thumb Code     0  startup_stm32f401xc.o(.text)
    DMA2_Stream4_IRQHandler                  0x0800028f   Thumb Code     0  startup_stm32f401xc.o(.text)
    DMA2_Stream5_IRQHandler                  0x0800028f   Thumb Code     0  startup_stm32f401xc.o(.text)
    DMA2_Stream6_IRQHandler                  0x0800028f   Thumb Code     0  startup_stm32f401xc.o(.text)
    DMA2_Stream7_IRQHandler                  0x0800028f   Thumb Code     0  startup_stm32f401xc.o(.text)
    EXTI0_IRQHandler                         0x0800028f   Thumb Code     0  startup_stm32f401xc.o(.text)
    EXTI15_10_IRQHandler                     0x0800028f   Thumb Code     0  startup_stm32f401xc.o(.text)
    EXTI1_IRQHandler                         0x0800028f   Thumb Code     0  startup_stm32f401xc.o(.text)
    EXTI2_IRQHandler                         0x0800028f   Thumb Code     0  startup_stm32f401xc.o(.text)
    EXTI3_IRQHandler                         0x0800028f   Thumb Code     0  startup_stm32f401xc.o(.text)
    EXTI4_IRQHandler                         0x0800028f   Thumb Code     0  startup_stm32f401xc.o(.text)
    EXTI9_5_IRQHandler                       0x0800028f   Thumb Code     0  startup_stm32f401xc.o(.text)
    FLASH_IRQHandler                         0x0800028f   Thumb Code     0  startup_stm32f401xc.o(.text)
    FPU_IRQHandler                           0x0800028f   Thumb Code     0  startup_stm32f401xc.o(.text)
    I2C1_ER_IRQHandler                       0x0800028f   Thumb Code     0  startup_stm32f401xc.o(.text)
    I2C1_EV_IRQHandler                       0x0800028f   Thumb Code     0  startup_stm32f401xc.o(.text)
    I2C2_ER_IRQHandler                       0x0800028f   Thumb Code     0  startup_stm32f401xc.o(.text)
    I2C2_EV_IRQHandler                       0x0800028f   Thumb Code     0  startup_stm32f401xc.o(.text)
    I2C3_ER_IRQHandler                       0x0800028f   Thumb Code     0  startup_stm32f401xc.o(.text)
    I2C3_EV_IRQHandler                       0x0800028f   Thumb Code     0  startup_stm32f401xc.o(.text)
    OTG_FS_IRQHandler                        0x0800028f   Thumb Code     0  startup_stm32f401xc.o(.text)
    OTG_FS_WKUP_IRQHandler                   0x0800028f   Thumb Code     0  startup_stm32f401xc.o(.text)
    PVD_IRQHandler                           0x0800028f   Thumb Code     0  startup_stm32f401xc.o(.text)
    RCC_IRQHandler                           0x0800028f   Thumb Code     0  startup_stm32f401xc.o(.text)
    RTC_Alarm_IRQHandler                     0x0800028f   Thumb Code     0  startup_stm32f401xc.o(.text)
    RTC_WKUP_IRQHandler                      0x0800028f   Thumb Code     0  startup_stm32f401xc.o(.text)
    SDIO_IRQHandler                          0x0800028f   Thumb Code     0  startup_stm32f401xc.o(.text)
    SPI1_IRQHandler                          0x0800028f   Thumb Code     0  startup_stm32f401xc.o(.text)
    SPI2_IRQHandler                          0x0800028f   Thumb Code     0  startup_stm32f401xc.o(.text)
    SPI3_IRQHandler                          0x0800028f   Thumb Code     0  startup_stm32f401xc.o(.text)
    SPI4_IRQHandler                          0x0800028f   Thumb Code     0  startup_stm32f401xc.o(.text)
    TAMP_STAMP_IRQHandler                    0x0800028f   Thumb Code     0  startup_stm32f401xc.o(.text)
    TIM1_CC_IRQHandler                       0x0800028f   Thumb Code     0  startup_stm32f401xc.o(.text)
    TIM1_TRG_COM_TIM11_IRQHandler            0x0800028f   Thumb Code     0  startup_stm32f401xc.o(.text)
    TIM1_UP_TIM10_IRQHandler                 0x0800028f   Thumb Code     0  startup_stm32f401xc.o(.text)
    TIM2_IRQHandler                          0x0800028f   Thumb Code     0  startup_stm32f401xc.o(.text)
    TIM3_IRQHandler                          0x0800028f   Thumb Code     0  startup_stm32f401xc.o(.text)
    TIM5_IRQHandler                          0x0800028f   Thumb Code     0  startup_stm32f401xc.o(.text)
    USART6_IRQHandler                        0x0800028f   Thumb Code     0  startup_stm32f401xc.o(.text)
    WWDG_IRQHandler                          0x0800028f   Thumb Code     0  startup_stm32f401xc.o(.text)
    __user_initial_stackheap                 0x08000291   Thumb Code     0  startup_stm32f401xc.o(.text)
    __aeabi_uldivmod                         0x080002b5   Thumb Code     0  lludivv7m.o(.text)
    _ll_udiv                                 0x080002b5   Thumb Code   238  lludivv7m.o(.text)
    __aeabi_memclr4                          0x080003a3   Thumb Code     0  rt_memclr_w.o(.text)
    __aeabi_memclr8                          0x080003a3   Thumb Code     0  rt_memclr_w.o(.text)
    __rt_memclr_w                            0x080003a3   Thumb Code    78  rt_memclr_w.o(.text)
    _memset_w                                0x080003a7   Thumb Code     0  rt_memclr_w.o(.text)
    __use_two_region_memory                  0x080003f1   Thumb Code     2  heapauxi.o(.text)
    __rt_heap_escrow$2region                 0x080003f3   Thumb Code     2  heapauxi.o(.text)
    __rt_heap_expand$2region                 0x080003f5   Thumb Code     2  heapauxi.o(.text)
    __user_setup_stackheap                   0x080003f7   Thumb Code    74  sys_stackheap_outer.o(.text)
    exit                                     0x08000441   Thumb Code    18  exit.o(.text)
    __user_libspace                          0x08000455   Thumb Code     8  libspace.o(.text)
    __user_perproc_libspace                  0x08000455   Thumb Code     0  libspace.o(.text)
    __user_perthread_libspace                0x08000455   Thumb Code     0  libspace.o(.text)
    _sys_exit                                0x0800045d   Thumb Code     8  sys_exit.o(.text)
    __I$use$semihosting                      0x08000469   Thumb Code     0  use_no_semi.o(.text)
    __use_no_semihosting_swi                 0x08000469   Thumb Code     2  use_no_semi.o(.text)
    BusFault_Handler                         0x0800046b   Thumb Code     2  stm32f4xx_it.o(i.BusFault_Handler)
    __semihosting_library_function           0x0800046b   Thumb Code     0  indicate_semi.o(.text)
    DMA1_Stream5_IRQHandler                  0x0800046d   Thumb Code     6  stm32f4xx_it.o(i.DMA1_Stream5_IRQHandler)
    DebugMon_Handler                         0x0800051d   Thumb Code     2  stm32f4xx_it.o(i.DebugMon_Handler)
    Error_Handler                            0x0800051f   Thumb Code     4  main.o(i.Error_Handler)
    Get_Encoder                              0x08000525   Thumb Code    52  motor.o(i.Get_Encoder)
    HAL_DMA_Abort                            0x08000561   Thumb Code   146  stm32f4xx_hal_dma.o(i.HAL_DMA_Abort)
    HAL_DMA_Abort_IT                         0x080005f3   Thumb Code    36  stm32f4xx_hal_dma.o(i.HAL_DMA_Abort_IT)
    HAL_DMA_IRQHandler                       0x08000619   Thumb Code   412  stm32f4xx_hal_dma.o(i.HAL_DMA_IRQHandler)
    HAL_DMA_Init                             0x080007b9   Thumb Code   206  stm32f4xx_hal_dma.o(i.HAL_DMA_Init)
    HAL_DMA_Start_IT                         0x0800088d   Thumb Code   110  stm32f4xx_hal_dma.o(i.HAL_DMA_Start_IT)
    HAL_Delay                                0x080008fd   Thumb Code    32  stm32f4xx_hal.o(i.HAL_Delay)
    HAL_GPIO_Init                            0x08000921   Thumb Code   446  stm32f4xx_hal_gpio.o(i.HAL_GPIO_Init)
    HAL_GPIO_WritePin                        0x08000b01   Thumb Code    10  stm32f4xx_hal_gpio.o(i.HAL_GPIO_WritePin)
    HAL_GetTick                              0x08000b0d   Thumb Code     6  stm32f4xx_hal.o(i.HAL_GetTick)
    HAL_IncTick                              0x08000b19   Thumb Code    12  stm32f4xx_hal.o(i.HAL_IncTick)
    HAL_Init                                 0x08000b29   Thumb Code    48  stm32f4xx_hal.o(i.HAL_Init)
    HAL_InitTick                             0x08000b5d   Thumb Code    54  stm32f4xx_hal.o(i.HAL_InitTick)
    HAL_MspInit                              0x08000b9d   Thumb Code    42  stm32f4xx_hal_msp.o(i.HAL_MspInit)
    HAL_NVIC_EnableIRQ                       0x08000bcd   Thumb Code    26  stm32f4xx_hal_cortex.o(i.HAL_NVIC_EnableIRQ)
    HAL_NVIC_SetPriority                     0x08000be9   Thumb Code    60  stm32f4xx_hal_cortex.o(i.HAL_NVIC_SetPriority)
    HAL_NVIC_SetPriorityGrouping             0x08000c29   Thumb Code    26  stm32f4xx_hal_cortex.o(i.HAL_NVIC_SetPriorityGrouping)
    HAL_RCC_ClockConfig                      0x08000c4d   Thumb Code   288  stm32f4xx_hal_rcc.o(i.HAL_RCC_ClockConfig)
    HAL_RCC_GetPCLK1Freq                     0x08000d81   Thumb Code    20  stm32f4xx_hal_rcc.o(i.HAL_RCC_GetPCLK1Freq)
    HAL_RCC_GetPCLK2Freq                     0x08000da1   Thumb Code    20  stm32f4xx_hal_rcc.o(i.HAL_RCC_GetPCLK2Freq)
    HAL_RCC_GetSysClockFreq                  0x08000dc1   Thumb Code    88  stm32f4xx_hal_rcc.o(i.HAL_RCC_GetSysClockFreq)
    HAL_RCC_OscConfig                        0x08000e25   Thumb Code   856  stm32f4xx_hal_rcc.o(i.HAL_RCC_OscConfig)
    HAL_SYSTICK_Config                       0x08001191   Thumb Code    40  stm32f4xx_hal_cortex.o(i.HAL_SYSTICK_Config)
    HAL_TIMEx_BreakCallback                  0x080011b9   Thumb Code     2  stm32f4xx_hal_tim_ex.o(i.HAL_TIMEx_BreakCallback)
    HAL_TIMEx_CommutCallback                 0x080011bb   Thumb Code     2  stm32f4xx_hal_tim_ex.o(i.HAL_TIMEx_CommutCallback)
    HAL_TIMEx_MasterConfigSynchronization    0x080011bd   Thumb Code   104  stm32f4xx_hal_tim_ex.o(i.HAL_TIMEx_MasterConfigSynchronization)
    HAL_TIM_Base_Init                        0x08001239   Thumb Code    90  stm32f4xx_hal_tim.o(i.HAL_TIM_Base_Init)
    HAL_TIM_Base_MspInit                     0x08001295   Thumb Code   134  tim.o(i.HAL_TIM_Base_MspInit)
    HAL_TIM_ConfigClockSource                0x0800132d   Thumb Code   220  stm32f4xx_hal_tim.o(i.HAL_TIM_ConfigClockSource)
    HAL_TIM_Encoder_Init                     0x08001409   Thumb Code   164  stm32f4xx_hal_tim.o(i.HAL_TIM_Encoder_Init)
    HAL_TIM_Encoder_MspInit                  0x080014ad   Thumb Code   170  tim.o(i.HAL_TIM_Encoder_MspInit)
    HAL_TIM_Encoder_Start                    0x08001569   Thumb Code   142  stm32f4xx_hal_tim.o(i.HAL_TIM_Encoder_Start)
    HAL_TIM_IC_CaptureCallback               0x080015f7   Thumb Code     2  stm32f4xx_hal_tim.o(i.HAL_TIM_IC_CaptureCallback)
    HAL_TIM_IRQHandler                       0x080015f9   Thumb Code   304  stm32f4xx_hal_tim.o(i.HAL_TIM_IRQHandler)
    HAL_TIM_MspPostInit                      0x08001729   Thumb Code   108  tim.o(i.HAL_TIM_MspPostInit)
    HAL_TIM_OC_DelayElapsedCallback          0x080017a1   Thumb Code     2  stm32f4xx_hal_tim.o(i.HAL_TIM_OC_DelayElapsedCallback)
    HAL_TIM_PWM_ConfigChannel                0x080017a3   Thumb Code   204  stm32f4xx_hal_tim.o(i.HAL_TIM_PWM_ConfigChannel)
    HAL_TIM_PWM_Init                         0x0800186f   Thumb Code    90  stm32f4xx_hal_tim.o(i.HAL_TIM_PWM_Init)
    HAL_TIM_PWM_MspInit                      0x080018c9   Thumb Code     2  stm32f4xx_hal_tim.o(i.HAL_TIM_PWM_MspInit)
    HAL_TIM_PWM_PulseFinishedCallback        0x080018cb   Thumb Code     2  stm32f4xx_hal_tim.o(i.HAL_TIM_PWM_PulseFinishedCallback)
    HAL_TIM_PWM_Start                        0x080018cd   Thumb Code   156  stm32f4xx_hal_tim.o(i.HAL_TIM_PWM_Start)
    HAL_TIM_PeriodElapsedCallback            0x0800197d   Thumb Code    26  main.o(i.HAL_TIM_PeriodElapsedCallback)
    HAL_TIM_TriggerCallback                  0x080019a5   Thumb Code     2  stm32f4xx_hal_tim.o(i.HAL_TIM_TriggerCallback)
    HAL_UARTEx_ReceiveToIdle_DMA             0x080019a7   Thumb Code    78  stm32f4xx_hal_uart.o(i.HAL_UARTEx_ReceiveToIdle_DMA)
    HAL_UARTEx_RxEventCallback               0x080019f5   Thumb Code   182  main.o(i.HAL_UARTEx_RxEventCallback)
    HAL_UART_ErrorCallback                   0x08001acd   Thumb Code     2  stm32f4xx_hal_uart.o(i.HAL_UART_ErrorCallback)
    HAL_UART_IRQHandler                      0x08001ad1   Thumb Code   618  stm32f4xx_hal_uart.o(i.HAL_UART_IRQHandler)
    HAL_UART_Init                            0x08001d41   Thumb Code   100  stm32f4xx_hal_uart.o(i.HAL_UART_Init)
    HAL_UART_MspInit                         0x08001da5   Thumb Code   296  usart.o(i.HAL_UART_MspInit)
    HAL_UART_RxCpltCallback                  0x08001ee9   Thumb Code     2  stm32f4xx_hal_uart.o(i.HAL_UART_RxCpltCallback)
    HAL_UART_RxHalfCpltCallback              0x08001eeb   Thumb Code     2  stm32f4xx_hal_uart.o(i.HAL_UART_RxHalfCpltCallback)
    HAL_UART_Transmit                        0x08001eed   Thumb Code   160  stm32f4xx_hal_uart.o(i.HAL_UART_Transmit)
    HAL_UART_TxCpltCallback                  0x08001f8d   Thumb Code     2  stm32f4xx_hal_uart.o(i.HAL_UART_TxCpltCallback)
    HardFault_Handler                        0x08001f8f   Thumb Code     2  stm32f4xx_it.o(i.HardFault_Handler)
    JY901_Get_Data                           0x08001f91   Thumb Code    58  jy901.o(i.JY901_Get_Data)
    JY901_Init                               0x08001fd1   Thumb Code    44  jy901.o(i.JY901_Init)
    JY901_Send_CMD                           0x08002001   Thumb Code    14  jy901.o(i.JY901_Send_CMD)
    MX_DMA_Init                              0x08002015   Thumb Code    40  dma.o(i.MX_DMA_Init)
    MX_GPIO_Init                             0x08002041   Thumb Code   128  gpio.o(i.MX_GPIO_Init)
    MX_TIM1_Init                             0x080020cd   Thumb Code   102  tim.o(i.MX_TIM1_Init)
    MX_TIM2_Init                             0x0800213d   Thumb Code   160  tim.o(i.MX_TIM2_Init)
    MX_TIM3_Init                             0x080021e1   Thumb Code   100  tim.o(i.MX_TIM3_Init)
    MX_TIM4_Init                             0x0800224d   Thumb Code    96  tim.o(i.MX_TIM4_Init)
    MX_TIM5_Init                             0x080022b5   Thumb Code   148  tim.o(i.MX_TIM5_Init)
    MX_TIM9_Init                             0x08002351   Thumb Code    68  tim.o(i.MX_TIM9_Init)
    MX_USART1_UART_Init                      0x0800239d   Thumb Code    48  usart.o(i.MX_USART1_UART_Init)
    MX_USART2_UART_Init                      0x080023d5   Thumb Code    48  usart.o(i.MX_USART2_UART_Init)
    MemManage_Handler                        0x0800240d   Thumb Code     2  stm32f4xx_it.o(i.MemManage_Handler)
    Motor_Speed_Control                      0x0800240f   Thumb Code   264  motor.o(i.Motor_Speed_Control)
    NMI_Handler                              0x08002517   Thumb Code     2  stm32f4xx_it.o(i.NMI_Handler)
    PendSV_Handler                           0x08002519   Thumb Code     2  stm32f4xx_it.o(i.PendSV_Handler)
    SVC_Handler                              0x0800251b   Thumb Code     2  stm32f4xx_it.o(i.SVC_Handler)
    SysTick_Handler                          0x0800251d   Thumb Code     4  stm32f4xx_it.o(i.SysTick_Handler)
    SystemClock_Config                       0x08002521   Thumb Code   140  main.o(i.SystemClock_Config)
    SystemInit                               0x080025b5   Thumb Code    12  system_stm32f4xx.o(i.SystemInit)
    TIM1_BRK_TIM9_IRQHandler                 0x080025c5   Thumb Code    18  stm32f4xx_it.o(i.TIM1_BRK_TIM9_IRQHandler)
    TIM4_IRQHandler                          0x080025e1   Thumb Code     6  stm32f4xx_it.o(i.TIM4_IRQHandler)
    TIM_Base_SetConfig                       0x080025ed   Thumb Code   136  stm32f4xx_hal_tim.o(i.TIM_Base_SetConfig)
    TIM_CCxChannelCmd                        0x08002691   Thumb Code    26  stm32f4xx_hal_tim.o(i.TIM_CCxChannelCmd)
    TIM_ETR_SetConfig                        0x080026ab   Thumb Code    20  stm32f4xx_hal_tim.o(i.TIM_ETR_SetConfig)
    TIM_OC2_SetConfig                        0x08002721   Thumb Code    84  stm32f4xx_hal_tim.o(i.TIM_OC2_SetConfig)
    UART_Start_Receive_DMA                   0x08002b91   Thumb Code   130  stm32f4xx_hal_uart.o(i.UART_Start_Receive_DMA)
    USART1_IRQHandler                        0x08002c95   Thumb Code     6  stm32f4xx_it.o(i.USART1_IRQHandler)
    USART2_IRQHandler                        0x08002ca1   Thumb Code     6  stm32f4xx_it.o(i.USART2_IRQHandler)
    UsageFault_Handler                       0x08002cad   Thumb Code     2  stm32f4xx_it.o(i.UsageFault_Handler)
    main                                     0x08002cd1   Thumb Code   104  main.o(i.main)
    __aeabi_d2f                              0x08002d51   Thumb Code     0  d2f.o(x$fpl$d2f)
    _d2f                                     0x08002d51   Thumb Code    98  d2f.o(x$fpl$d2f)
    __aeabi_dadd                             0x08002db5   Thumb Code     0  daddsub_clz.o(x$fpl$dadd)
    _dadd                                    0x08002db5   Thumb Code   332  daddsub_clz.o(x$fpl$dadd)
    __fpl_dcmp_Inf                           0x08002f05   Thumb Code    24  dcmpi.o(x$fpl$dcmpinf)
    __aeabi_ddiv                             0x08002f1d   Thumb Code     0  ddiv.o(x$fpl$ddiv)
    _ddiv                                    0x08002f1d   Thumb Code   552  ddiv.o(x$fpl$ddiv)
    __aeabi_d2iz                             0x080031cd   Thumb Code     0  dfix.o(x$fpl$dfix)
    _dfix                                    0x080031cd   Thumb Code    94  dfix.o(x$fpl$dfix)
    __aeabi_i2d                              0x0800322b   Thumb Code     0  dflt_clz.o(x$fpl$dflt)
    _dflt                                    0x0800322b   Thumb Code    46  dflt_clz.o(x$fpl$dflt)
    __aeabi_cdcmple                          0x08003259   Thumb Code     0  dleqf.o(x$fpl$dleqf)
    _dcmple                                  0x08003259   Thumb Code   120  dleqf.o(x$fpl$dleqf)
    __fpl_dcmple_InfNaN                      0x080032bb   Thumb Code     0  dleqf.o(x$fpl$dleqf)
    __aeabi_dmul                             0x080032d1   Thumb Code     0  dmul.o(x$fpl$dmul)
    _dmul                                    0x080032d1   Thumb Code   332  dmul.o(x$fpl$dmul)
    __fpl_dnaninf                            0x08003425   Thumb Code   156  dnaninf.o(x$fpl$dnaninf)
    __fpl_dretinf                            0x080034c1   Thumb Code    12  dretinf.o(x$fpl$dretinf)
    __aeabi_cdrcmple                         0x080034cd   Thumb Code     0  drleqf.o(x$fpl$drleqf)
    _drcmple                                 0x080034cd   Thumb Code   108  drleqf.o(x$fpl$drleqf)
    __aeabi_dsub                             0x08003539   Thumb Code     0  daddsub_clz.o(x$fpl$dsub)
    _dsub                                    0x08003539   Thumb Code   464  daddsub_clz.o(x$fpl$dsub)
    __aeabi_f2d                              0x0800370d   Thumb Code     0  f2d.o(x$fpl$f2d)
    _f2d                                     0x0800370d   Thumb Code    86  f2d.o(x$fpl$f2d)
    __fpl_fnaninf                            0x08003763   Thumb Code   140  fnaninf.o(x$fpl$fnaninf)
    _fp_init                                 0x080037ef   Thumb Code    10  fpinit.o(x$fpl$fpinit)
    __fplib_config_fpu_vfp                   0x080037f7   Thumb Code     0  fpinit.o(x$fpl$fpinit)
    __fplib_config_pureend_doubles           0x080037f7   Thumb Code     0  fpinit.o(x$fpl$fpinit)
    __fpl_fretinf                            0x080037f9   Thumb Code    10  fretinf.o(x$fpl$fretinf)
    __I$use$fp                               0x08003802   Number         0  usenofp.o(x$fpl$usenofp)
    AHBPrescTable                            0x0800380a   Data          16  system_stm32f4xx.o(.constdata)
    APBPrescTable                            0x0800381a   Data           8  system_stm32f4xx.o(.constdata)
    Region$$Table$$Base                      0x08003824   Number         0  anon$$obj.o(Region$$Table)
    Region$$Table$$Limit                     0x08003844   Number         0  anon$$obj.o(Region$$Table)
    ACCCALSW                                 0x20000000   Data           5  jy901.o(.data)
    SAVACALSW                                0x20000005   Data           5  jy901.o(.data)
    jy901s_data                              0x2000000a   Data          32  jy901.o(.data)
    Left_Motor                               0x20000030   Data          88  motor.o(.data)
    Right_Motor                              0x20000088   Data          88  motor.o(.data)
    Ackerman_Turning                         0x200000e0   Data          96  control.o(.data)
    uwTickFreq                               0x20000140   Data           1  stm32f4xx_hal.o(.data)
    uwTickPrio                               0x20000144   Data           4  stm32f4xx_hal.o(.data)
    uwTick                                   0x20000148   Data           4  stm32f4xx_hal.o(.data)
    SystemCoreClock                          0x2000014c   Data           4  system_stm32f4xx.o(.data)
    current_angle                            0x20000150   Data          12  main.o(.bss)
    current_accel                            0x2000015c   Data          12  main.o(.bss)
    current_gyro                             0x20000168   Data          12  main.o(.bss)
    htim1                                    0x20000174   Data          72  tim.o(.bss)
    htim2                                    0x200001bc   Data          72  tim.o(.bss)
    htim3                                    0x20000204   Data          72  tim.o(.bss)
    htim4                                    0x2000024c   Data          72  tim.o(.bss)
    htim5                                    0x20000294   Data          72  tim.o(.bss)
    htim9                                    0x200002dc   Data          72  tim.o(.bss)
    huart1                                   0x20000324   Data          72  usart.o(.bss)
    huart2                                   0x2000036c   Data          72  usart.o(.bss)
    hdma_usart2_rx                           0x200003b4   Data          96  usart.o(.bss)
    __libspace_start                         0x20000414   Data          96  libspace.o(.bss)
    __temporary_stack_top$libspace           0x20000474   Data           0  libspace.o(.bss)



==============================================================================

Memory Map of the image

  Image Entry point : 0x08000195

  Load Region LR_IROM1 (Base: 0x08000000, Size: 0x00003994, Max: 0x00040000, ABSOLUTE, COMPRESSED[0x00003874])

    Execution Region ER_IROM1 (Exec base: 0x08000000, Load base: 0x08000000, Size: 0x00003844, Max: 0x00040000, ABSOLUTE)

    Exec Addr    Load Addr    Size         Type   Attr      Idx    E Section Name        Object

    0x08000000   0x08000000   0x00000194   Data   RO            3    RESET               startup_stm32f401xc.o
    0x08000194   0x08000194   0x00000008   Code   RO         3269  * !!!main             c_w.l(__main.o)
    0x0800019c   0x0800019c   0x00000034   Code   RO         3483    !!!scatter          c_w.l(__scatter.o)
    0x080001d0   0x080001d0   0x0000005a   Code   RO         3481    !!dczerorl2         c_w.l(__dczerorl2.o)
    0x0800022a   0x0800022a   0x00000002   PAD
    0x0800022c   0x0800022c   0x0000001c   Code   RO         3485    !!handler_zi        c_w.l(__scatter_zi.o)
    0x08000248   0x08000248   0x00000002   Code   RO         3351    .ARM.Collect$$libinit$$00000000  c_w.l(libinit.o)
    0x0800024a   0x0800024a   0x00000004   Code   RO         3363    .ARM.Collect$$libinit$$00000001  c_w.l(libinit2.o)
    0x0800024e   0x0800024e   0x00000000   Code   RO         3366    .ARM.Collect$$libinit$$00000004  c_w.l(libinit2.o)
    0x0800024e   0x0800024e   0x00000000   Code   RO         3369    .ARM.Collect$$libinit$$0000000A  c_w.l(libinit2.o)
    0x0800024e   0x0800024e   0x00000000   Code   RO         3371    .ARM.Collect$$libinit$$0000000C  c_w.l(libinit2.o)
    0x0800024e   0x0800024e   0x00000000   Code   RO         3373    .ARM.Collect$$libinit$$0000000E  c_w.l(libinit2.o)
    0x0800024e   0x0800024e   0x00000000   Code   RO         3376    .ARM.Collect$$libinit$$00000011  c_w.l(libinit2.o)
    0x0800024e   0x0800024e   0x00000000   Code   RO         3378    .ARM.Collect$$libinit$$00000013  c_w.l(libinit2.o)
    0x0800024e   0x0800024e   0x00000000   Code   RO         3380    .ARM.Collect$$libinit$$00000015  c_w.l(libinit2.o)
    0x0800024e   0x0800024e   0x00000000   Code   RO         3382    .ARM.Collect$$libinit$$00000017  c_w.l(libinit2.o)
    0x0800024e   0x0800024e   0x00000000   Code   RO         3384    .ARM.Collect$$libinit$$00000019  c_w.l(libinit2.o)
    0x0800024e   0x0800024e   0x00000000   Code   RO         3386    .ARM.Collect$$libinit$$0000001B  c_w.l(libinit2.o)
    0x0800024e   0x0800024e   0x00000000   Code   RO         3388    .ARM.Collect$$libinit$$0000001D  c_w.l(libinit2.o)
    0x0800024e   0x0800024e   0x00000000   Code   RO         3390    .ARM.Collect$$libinit$$0000001F  c_w.l(libinit2.o)
    0x0800024e   0x0800024e   0x00000000   Code   RO         3392    .ARM.Collect$$libinit$$00000021  c_w.l(libinit2.o)
    0x0800024e   0x0800024e   0x00000000   Code   RO         3394    .ARM.Collect$$libinit$$00000023  c_w.l(libinit2.o)
    0x0800024e   0x0800024e   0x00000000   Code   RO         3396    .ARM.Collect$$libinit$$00000025  c_w.l(libinit2.o)
    0x0800024e   0x0800024e   0x00000000   Code   RO         3400    .ARM.Collect$$libinit$$0000002C  c_w.l(libinit2.o)
    0x0800024e   0x0800024e   0x00000000   Code   RO         3402    .ARM.Collect$$libinit$$0000002E  c_w.l(libinit2.o)
    0x0800024e   0x0800024e   0x00000000   Code   RO         3404    .ARM.Collect$$libinit$$00000030  c_w.l(libinit2.o)
    0x0800024e   0x0800024e   0x00000000   Code   RO         3406    .ARM.Collect$$libinit$$00000032  c_w.l(libinit2.o)
    0x0800024e   0x0800024e   0x00000002   Code   RO         3407    .ARM.Collect$$libinit$$00000033  c_w.l(libinit2.o)
    0x08000250   0x08000250   0x00000002   Code   RO         3438    .ARM.Collect$$libshutdown$$00000000  c_w.l(libshutdown.o)
    0x08000252   0x08000252   0x00000000   Code   RO         3464    .ARM.Collect$$libshutdown$$00000002  c_w.l(libshutdown2.o)
    0x08000252   0x08000252   0x00000000   Code   RO         3466    .ARM.Collect$$libshutdown$$00000004  c_w.l(libshutdown2.o)
    0x08000252   0x08000252   0x00000000   Code   RO         3469    .ARM.Collect$$libshutdown$$00000007  c_w.l(libshutdown2.o)
    0x08000252   0x08000252   0x00000000   Code   RO         3472    .ARM.Collect$$libshutdown$$0000000A  c_w.l(libshutdown2.o)
    0x08000252   0x08000252   0x00000000   Code   RO         3474    .ARM.Collect$$libshutdown$$0000000C  c_w.l(libshutdown2.o)
    0x08000252   0x08000252   0x00000000   Code   RO         3477    .ARM.Collect$$libshutdown$$0000000F  c_w.l(libshutdown2.o)
    0x08000252   0x08000252   0x00000002   Code   RO         3478    .ARM.Collect$$libshutdown$$00000010  c_w.l(libshutdown2.o)
    0x08000254   0x08000254   0x00000000   Code   RO         3305    .ARM.Collect$$rtentry$$00000000  c_w.l(__rtentry.o)
    0x08000254   0x08000254   0x00000000   Code   RO         3322    .ARM.Collect$$rtentry$$00000002  c_w.l(__rtentry2.o)
    0x08000254   0x08000254   0x00000006   Code   RO         3334    .ARM.Collect$$rtentry$$00000004  c_w.l(__rtentry4.o)
    0x0800025a   0x0800025a   0x00000000   Code   RO         3324    .ARM.Collect$$rtentry$$00000009  c_w.l(__rtentry2.o)
    0x0800025a   0x0800025a   0x00000004   Code   RO         3325    .ARM.Collect$$rtentry$$0000000A  c_w.l(__rtentry2.o)
    0x0800025e   0x0800025e   0x00000000   Code   RO         3327    .ARM.Collect$$rtentry$$0000000C  c_w.l(__rtentry2.o)
    0x0800025e   0x0800025e   0x00000008   Code   RO         3328    .ARM.Collect$$rtentry$$0000000D  c_w.l(__rtentry2.o)
    0x08000266   0x08000266   0x00000002   Code   RO         3355    .ARM.Collect$$rtexit$$00000000  c_w.l(rtexit.o)
    0x08000268   0x08000268   0x00000000   Code   RO         3411    .ARM.Collect$$rtexit$$00000002  c_w.l(rtexit2.o)
    0x08000268   0x08000268   0x00000004   Code   RO         3412    .ARM.Collect$$rtexit$$00000003  c_w.l(rtexit2.o)
    0x0800026c   0x0800026c   0x00000006   Code   RO         3413    .ARM.Collect$$rtexit$$00000004  c_w.l(rtexit2.o)
    0x08000272   0x08000272   0x00000002   PAD
    0x08000274   0x08000274   0x00000040   Code   RO            4    .text               startup_stm32f401xc.o
    0x080002b4   0x080002b4   0x000000ee   Code   RO         3263    .text               c_w.l(lludivv7m.o)
    0x080003a2   0x080003a2   0x0000004e   Code   RO         3265    .text               c_w.l(rt_memclr_w.o)
    0x080003f0   0x080003f0   0x00000006   Code   RO         3267    .text               c_w.l(heapauxi.o)
    0x080003f6   0x080003f6   0x0000004a   Code   RO         3338    .text               c_w.l(sys_stackheap_outer.o)
    0x08000440   0x08000440   0x00000012   Code   RO         3340    .text               c_w.l(exit.o)
    0x08000452   0x08000452   0x00000002   PAD
    0x08000454   0x08000454   0x00000008   Code   RO         3352    .text               c_w.l(libspace.o)
    0x0800045c   0x0800045c   0x0000000c   Code   RO         3408    .text               c_w.l(sys_exit.o)
    0x08000468   0x08000468   0x00000002   Code   RO         3427    .text               c_w.l(use_no_semi.o)
    0x0800046a   0x0800046a   0x00000000   Code   RO         3429    .text               c_w.l(indicate_semi.o)
    0x0800046a   0x0800046a   0x00000002   Code   RO          562    i.BusFault_Handler  stm32f4xx_it.o
    0x0800046c   0x0800046c   0x0000000c   Code   RO          563    i.DMA1_Stream5_IRQHandler  stm32f4xx_it.o
    0x08000478   0x08000478   0x00000028   Code   RO         2148    i.DMA_CalcBaseAndBitshift  stm32f4xx_hal_dma.o
    0x080004a0   0x080004a0   0x00000054   Code   RO         2149    i.DMA_CheckFifoParam  stm32f4xx_hal_dma.o
    0x080004f4   0x080004f4   0x00000028   Code   RO         2150    i.DMA_SetConfig     stm32f4xx_hal_dma.o
    0x0800051c   0x0800051c   0x00000002   Code   RO          564    i.DebugMon_Handler  stm32f4xx_it.o
    0x0800051e   0x0800051e   0x00000004   Code   RO          315    i.Error_Handler     main.o
    0x08000522   0x08000522   0x00000002   PAD
    0x08000524   0x08000524   0x0000003c   Code   RO          172    i.Get_Encoder       motor.o
    0x08000560   0x08000560   0x00000092   Code   RO         2151    i.HAL_DMA_Abort     stm32f4xx_hal_dma.o
    0x080005f2   0x080005f2   0x00000024   Code   RO         2152    i.HAL_DMA_Abort_IT  stm32f4xx_hal_dma.o
    0x08000616   0x08000616   0x00000002   PAD
    0x08000618   0x08000618   0x000001a0   Code   RO         2156    i.HAL_DMA_IRQHandler  stm32f4xx_hal_dma.o
    0x080007b8   0x080007b8   0x000000d4   Code   RO         2157    i.HAL_DMA_Init      stm32f4xx_hal_dma.o
    0x0800088c   0x0800088c   0x0000006e   Code   RO         2161    i.HAL_DMA_Start_IT  stm32f4xx_hal_dma.o
    0x080008fa   0x080008fa   0x00000002   PAD
    0x080008fc   0x080008fc   0x00000024   Code   RO         2612    i.HAL_Delay         stm32f4xx_hal.o
    0x08000920   0x08000920   0x000001e0   Code   RO         2044    i.HAL_GPIO_Init     stm32f4xx_hal_gpio.o
    0x08000b00   0x08000b00   0x0000000a   Code   RO         2048    i.HAL_GPIO_WritePin  stm32f4xx_hal_gpio.o
    0x08000b0a   0x08000b0a   0x00000002   PAD
    0x08000b0c   0x08000b0c   0x0000000c   Code   RO         2618    i.HAL_GetTick       stm32f4xx_hal.o
    0x08000b18   0x08000b18   0x00000010   Code   RO         2624    i.HAL_IncTick       stm32f4xx_hal.o
    0x08000b28   0x08000b28   0x00000034   Code   RO         2625    i.HAL_Init          stm32f4xx_hal.o
    0x08000b5c   0x08000b5c   0x00000040   Code   RO         2626    i.HAL_InitTick      stm32f4xx_hal.o
    0x08000b9c   0x08000b9c   0x00000030   Code   RO          668    i.HAL_MspInit       stm32f4xx_hal_msp.o
    0x08000bcc   0x08000bcc   0x0000001a   Code   RO         2460    i.HAL_NVIC_EnableIRQ  stm32f4xx_hal_cortex.o
    0x08000be6   0x08000be6   0x00000002   PAD
    0x08000be8   0x08000be8   0x00000040   Code   RO         2466    i.HAL_NVIC_SetPriority  stm32f4xx_hal_cortex.o
    0x08000c28   0x08000c28   0x00000024   Code   RO         2467    i.HAL_NVIC_SetPriorityGrouping  stm32f4xx_hal_cortex.o
    0x08000c4c   0x08000c4c   0x00000134   Code   RO         1666    i.HAL_RCC_ClockConfig  stm32f4xx_hal_rcc.o
    0x08000d80   0x08000d80   0x00000020   Code   RO         1673    i.HAL_RCC_GetPCLK1Freq  stm32f4xx_hal_rcc.o
    0x08000da0   0x08000da0   0x00000020   Code   RO         1674    i.HAL_RCC_GetPCLK2Freq  stm32f4xx_hal_rcc.o
    0x08000dc0   0x08000dc0   0x00000064   Code   RO         1675    i.HAL_RCC_GetSysClockFreq  stm32f4xx_hal_rcc.o
    0x08000e24   0x08000e24   0x0000036c   Code   RO         1678    i.HAL_RCC_OscConfig  stm32f4xx_hal_rcc.o
    0x08001190   0x08001190   0x00000028   Code   RO         2471    i.HAL_SYSTICK_Config  stm32f4xx_hal_cortex.o
    0x080011b8   0x080011b8   0x00000002   Code   RO         1398    i.HAL_TIMEx_BreakCallback  stm32f4xx_hal_tim_ex.o
    0x080011ba   0x080011ba   0x00000002   Code   RO         1399    i.HAL_TIMEx_CommutCallback  stm32f4xx_hal_tim_ex.o
    0x080011bc   0x080011bc   0x0000007c   Code   RO         1417    i.HAL_TIMEx_MasterConfigSynchronization  stm32f4xx_hal_tim_ex.o
    0x08001238   0x08001238   0x0000005a   Code   RO          694    i.HAL_TIM_Base_Init  stm32f4xx_hal_tim.o
    0x08001292   0x08001292   0x00000002   PAD
    0x08001294   0x08001294   0x00000098   Code   RO          425    i.HAL_TIM_Base_MspInit  tim.o
    0x0800132c   0x0800132c   0x000000dc   Code   RO          703    i.HAL_TIM_ConfigClockSource  stm32f4xx_hal_tim.o
    0x08001408   0x08001408   0x000000a4   Code   RO          715    i.HAL_TIM_Encoder_Init  stm32f4xx_hal_tim.o
    0x080014ac   0x080014ac   0x000000bc   Code   RO          427    i.HAL_TIM_Encoder_MspInit  tim.o
    0x08001568   0x08001568   0x0000008e   Code   RO          718    i.HAL_TIM_Encoder_Start  stm32f4xx_hal_tim.o
    0x080015f6   0x080015f6   0x00000002   Code   RO          728    i.HAL_TIM_IC_CaptureCallback  stm32f4xx_hal_tim.o
    0x080015f8   0x080015f8   0x00000130   Code   RO          742    i.HAL_TIM_IRQHandler  stm32f4xx_hal_tim.o
    0x08001728   0x08001728   0x00000078   Code   RO          428    i.HAL_TIM_MspPostInit  tim.o
    0x080017a0   0x080017a0   0x00000002   Code   RO          745    i.HAL_TIM_OC_DelayElapsedCallback  stm32f4xx_hal_tim.o
    0x080017a2   0x080017a2   0x000000cc   Code   RO          766    i.HAL_TIM_PWM_ConfigChannel  stm32f4xx_hal_tim.o
    0x0800186e   0x0800186e   0x0000005a   Code   RO          769    i.HAL_TIM_PWM_Init  stm32f4xx_hal_tim.o
    0x080018c8   0x080018c8   0x00000002   Code   RO          771    i.HAL_TIM_PWM_MspInit  stm32f4xx_hal_tim.o
    0x080018ca   0x080018ca   0x00000002   Code   RO          772    i.HAL_TIM_PWM_PulseFinishedCallback  stm32f4xx_hal_tim.o
    0x080018cc   0x080018cc   0x000000b0   Code   RO          774    i.HAL_TIM_PWM_Start  stm32f4xx_hal_tim.o
    0x0800197c   0x0800197c   0x00000028   Code   RO          316    i.HAL_TIM_PeriodElapsedCallback  main.o
    0x080019a4   0x080019a4   0x00000002   Code   RO          785    i.HAL_TIM_TriggerCallback  stm32f4xx_hal_tim.o
    0x080019a6   0x080019a6   0x0000004e   Code   RO         2873    i.HAL_UARTEx_ReceiveToIdle_DMA  stm32f4xx_hal_uart.o
    0x080019f4   0x080019f4   0x000000d8   Code   RO          317    i.HAL_UARTEx_RxEventCallback  main.o
    0x08001acc   0x08001acc   0x00000002   Code   RO         2889    i.HAL_UART_ErrorCallback  stm32f4xx_hal_uart.o
    0x08001ace   0x08001ace   0x00000002   PAD
    0x08001ad0   0x08001ad0   0x00000270   Code   RO         2892    i.HAL_UART_IRQHandler  stm32f4xx_hal_uart.o
    0x08001d40   0x08001d40   0x00000064   Code   RO         2893    i.HAL_UART_Init     stm32f4xx_hal_uart.o
    0x08001da4   0x08001da4   0x00000144   Code   RO          515    i.HAL_UART_MspInit  usart.o
    0x08001ee8   0x08001ee8   0x00000002   Code   RO         2899    i.HAL_UART_RxCpltCallback  stm32f4xx_hal_uart.o
    0x08001eea   0x08001eea   0x00000002   Code   RO         2900    i.HAL_UART_RxHalfCpltCallback  stm32f4xx_hal_uart.o
    0x08001eec   0x08001eec   0x000000a0   Code   RO         2901    i.HAL_UART_Transmit  stm32f4xx_hal_uart.o
    0x08001f8c   0x08001f8c   0x00000002   Code   RO         2904    i.HAL_UART_TxCpltCallback  stm32f4xx_hal_uart.o
    0x08001f8e   0x08001f8e   0x00000002   Code   RO          565    i.HardFault_Handler  stm32f4xx_it.o
    0x08001f90   0x08001f90   0x00000040   Code   RO           13    i.JY901_Get_Data    jy901.o
    0x08001fd0   0x08001fd0   0x00000030   Code   RO           14    i.JY901_Init        jy901.o
    0x08002000   0x08002000   0x00000014   Code   RO           15    i.JY901_Send_CMD    jy901.o
    0x08002014   0x08002014   0x0000002c   Code   RO          400    i.MX_DMA_Init       dma.o
    0x08002040   0x08002040   0x0000008c   Code   RO          376    i.MX_GPIO_Init      gpio.o
    0x080020cc   0x080020cc   0x00000070   Code   RO          429    i.MX_TIM1_Init      tim.o
    0x0800213c   0x0800213c   0x000000a4   Code   RO          430    i.MX_TIM2_Init      tim.o
    0x080021e0   0x080021e0   0x0000006c   Code   RO          431    i.MX_TIM3_Init      tim.o
    0x0800224c   0x0800224c   0x00000068   Code   RO          432    i.MX_TIM4_Init      tim.o
    0x080022b4   0x080022b4   0x0000009c   Code   RO          433    i.MX_TIM5_Init      tim.o
    0x08002350   0x08002350   0x0000004c   Code   RO          434    i.MX_TIM9_Init      tim.o
    0x0800239c   0x0800239c   0x00000038   Code   RO          516    i.MX_USART1_UART_Init  usart.o
    0x080023d4   0x080023d4   0x00000038   Code   RO          517    i.MX_USART2_UART_Init  usart.o
    0x0800240c   0x0800240c   0x00000002   Code   RO          566    i.MemManage_Handler  stm32f4xx_it.o
    0x0800240e   0x0800240e   0x00000108   Code   RO          174    i.Motor_Speed_Control  motor.o
    0x08002516   0x08002516   0x00000002   Code   RO          567    i.NMI_Handler       stm32f4xx_it.o
    0x08002518   0x08002518   0x00000002   Code   RO          568    i.PendSV_Handler    stm32f4xx_it.o
    0x0800251a   0x0800251a   0x00000002   Code   RO          569    i.SVC_Handler       stm32f4xx_it.o
    0x0800251c   0x0800251c   0x00000004   Code   RO          570    i.SysTick_Handler   stm32f4xx_it.o
    0x08002520   0x08002520   0x00000094   Code   RO          318    i.SystemClock_Config  main.o
    0x080025b4   0x080025b4   0x00000010   Code   RO         3227    i.SystemInit        system_stm32f4xx.o
    0x080025c4   0x080025c4   0x0000001c   Code   RO          571    i.TIM1_BRK_TIM9_IRQHandler  stm32f4xx_it.o
    0x080025e0   0x080025e0   0x0000000c   Code   RO          572    i.TIM4_IRQHandler   stm32f4xx_it.o
    0x080025ec   0x080025ec   0x000000a4   Code   RO          787    i.TIM_Base_SetConfig  stm32f4xx_hal_tim.o
    0x08002690   0x08002690   0x0000001a   Code   RO          788    i.TIM_CCxChannelCmd  stm32f4xx_hal_tim.o
    0x080026aa   0x080026aa   0x00000014   Code   RO          798    i.TIM_ETR_SetConfig  stm32f4xx_hal_tim.o
    0x080026be   0x080026be   0x00000010   Code   RO          799    i.TIM_ITRx_SetConfig  stm32f4xx_hal_tim.o
    0x080026ce   0x080026ce   0x00000002   PAD
    0x080026d0   0x080026d0   0x00000050   Code   RO          800    i.TIM_OC1_SetConfig  stm32f4xx_hal_tim.o
    0x08002720   0x08002720   0x00000058   Code   RO          801    i.TIM_OC2_SetConfig  stm32f4xx_hal_tim.o
    0x08002778   0x08002778   0x00000058   Code   RO          802    i.TIM_OC3_SetConfig  stm32f4xx_hal_tim.o
    0x080027d0   0x080027d0   0x00000044   Code   RO          803    i.TIM_OC4_SetConfig  stm32f4xx_hal_tim.o
    0x08002814   0x08002814   0x00000022   Code   RO          805    i.TIM_TI1_ConfigInputStage  stm32f4xx_hal_tim.o
    0x08002836   0x08002836   0x00000024   Code   RO          807    i.TIM_TI2_ConfigInputStage  stm32f4xx_hal_tim.o
    0x0800285a   0x0800285a   0x00000010   Code   RO         2906    i.UART_DMAAbortOnError  stm32f4xx_hal_uart.o
    0x0800286a   0x0800286a   0x0000004a   Code   RO         2907    i.UART_DMAError     stm32f4xx_hal_uart.o
    0x080028b4   0x080028b4   0x00000086   Code   RO         2908    i.UART_DMAReceiveCplt  stm32f4xx_hal_uart.o
    0x0800293a   0x0800293a   0x0000001e   Code   RO         2910    i.UART_DMARxHalfCplt  stm32f4xx_hal_uart.o
    0x08002958   0x08002958   0x0000004e   Code   RO         2916    i.UART_EndRxTransfer  stm32f4xx_hal_uart.o
    0x080029a6   0x080029a6   0x0000001c   Code   RO         2917    i.UART_EndTxTransfer  stm32f4xx_hal_uart.o
    0x080029c2   0x080029c2   0x000000c2   Code   RO         2918    i.UART_Receive_IT   stm32f4xx_hal_uart.o
    0x08002a84   0x08002a84   0x0000010c   Code   RO         2919    i.UART_SetConfig    stm32f4xx_hal_uart.o
    0x08002b90   0x08002b90   0x00000090   Code   RO         2920    i.UART_Start_Receive_DMA  stm32f4xx_hal_uart.o
    0x08002c20   0x08002c20   0x00000072   Code   RO         2922    i.UART_WaitOnFlagUntilTimeout  stm32f4xx_hal_uart.o
    0x08002c92   0x08002c92   0x00000002   PAD
    0x08002c94   0x08002c94   0x0000000c   Code   RO          573    i.USART1_IRQHandler  stm32f4xx_it.o
    0x08002ca0   0x08002ca0   0x0000000c   Code   RO          574    i.USART2_IRQHandler  stm32f4xx_it.o
    0x08002cac   0x08002cac   0x00000002   Code   RO          575    i.UsageFault_Handler  stm32f4xx_it.o
    0x08002cae   0x08002cae   0x00000020   Code   RO         2473    i.__NVIC_SetPriority  stm32f4xx_hal_cortex.o
    0x08002cce   0x08002cce   0x00000002   PAD
    0x08002cd0   0x08002cd0   0x00000080   Code   RO          319    i.main              main.o
    0x08002d50   0x08002d50   0x00000062   Code   RO         3271    x$fpl$d2f           fz_wm.l(d2f.o)
    0x08002db2   0x08002db2   0x00000002   PAD
    0x08002db4   0x08002db4   0x00000150   Code   RO         3273    x$fpl$dadd          fz_wm.l(daddsub_clz.o)
    0x08002f04   0x08002f04   0x00000018   Code   RO         3310    x$fpl$dcmpinf       fz_wm.l(dcmpi.o)
    0x08002f1c   0x08002f1c   0x000002b0   Code   RO         3280    x$fpl$ddiv          fz_wm.l(ddiv.o)
    0x080031cc   0x080031cc   0x0000005e   Code   RO         3283    x$fpl$dfix          fz_wm.l(dfix.o)
    0x0800322a   0x0800322a   0x0000002e   Code   RO         3292    x$fpl$dflt          fz_wm.l(dflt_clz.o)
    0x08003258   0x08003258   0x00000078   Code   RO         3297    x$fpl$dleqf         fz_wm.l(dleqf.o)
    0x080032d0   0x080032d0   0x00000154   Code   RO         3299    x$fpl$dmul          fz_wm.l(dmul.o)
    0x08003424   0x08003424   0x0000009c   Code   RO         3312    x$fpl$dnaninf       fz_wm.l(dnaninf.o)
    0x080034c0   0x080034c0   0x0000000c   Code   RO         3314    x$fpl$dretinf       fz_wm.l(dretinf.o)
    0x080034cc   0x080034cc   0x0000006c   Code   RO         3301    x$fpl$drleqf        fz_wm.l(drleqf.o)
    0x08003538   0x08003538   0x000001d4   Code   RO         3275    x$fpl$dsub          fz_wm.l(daddsub_clz.o)
    0x0800370c   0x0800370c   0x00000056   Code   RO         3303    x$fpl$f2d           fz_wm.l(f2d.o)
    0x08003762   0x08003762   0x0000008c   Code   RO         3316    x$fpl$fnaninf       fz_wm.l(fnaninf.o)
    0x080037ee   0x080037ee   0x0000000a   Code   RO         3423    x$fpl$fpinit        fz_wm.l(fpinit.o)
    0x080037f8   0x080037f8   0x0000000a   Code   RO         3318    x$fpl$fretinf       fz_wm.l(fretinf.o)
    0x08003802   0x08003802   0x00000000   Code   RO         3320    x$fpl$usenofp       fz_wm.l(usenofp.o)
    0x08003802   0x08003802   0x00000008   Data   RO         2163    .constdata          stm32f4xx_hal_dma.o
    0x0800380a   0x0800380a   0x00000010   Data   RO         3228    .constdata          system_stm32f4xx.o
    0x0800381a   0x0800381a   0x00000008   Data   RO         3229    .constdata          system_stm32f4xx.o
    0x08003822   0x08003822   0x00000002   PAD
    0x08003824   0x08003824   0x00000020   Data   RO         3479    Region$$Table       anon$$obj.o


    Execution Region RW_IRAM1 (Exec base: 0x20000000, Load base: 0x08003844, Size: 0x00000a78, Max: 0x00010000, ABSOLUTE, COMPRESSED[0x00000030])

    Exec Addr    Load Addr    Size         Type   Attr      Idx    E Section Name        Object

    0x20000000   COMPRESSED   0x0000002a   Data   RW           16    .data               jy901.o
    0x2000002a   COMPRESSED   0x00000006   PAD
    0x20000030   COMPRESSED   0x000000b0   Data   RW          178    .data               motor.o
    0x200000e0   COMPRESSED   0x00000060   Data   RW          268    .data               control.o
    0x20000140   COMPRESSED   0x0000000c   Data   RW         2632    .data               stm32f4xx_hal.o
    0x2000014c   COMPRESSED   0x00000004   Data   RW         3230    .data               system_stm32f4xx.o
    0x20000150        -       0x00000024   Zero   RW          320    .bss                main.o
    0x20000174        -       0x000001b0   Zero   RW          435    .bss                tim.o
    0x20000324        -       0x000000f0   Zero   RW          518    .bss                usart.o
    0x20000414        -       0x00000060   Zero   RW         3353    .bss                c_w.l(libspace.o)
    0x20000474   COMPRESSED   0x00000004   PAD
    0x20000478        -       0x00000200   Zero   RW            2    HEAP                startup_stm32f401xc.o
    0x20000678        -       0x00000400   Zero   RW            1    STACK               startup_stm32f401xc.o


==============================================================================

Image component sizes


      Code (inc. data)   RO Data    RW Data    ZI Data      Debug   Object Name

         0          0          0         96          0        919   control.o
        44          4          0          0          0        794   dma.o
       140         12          0          0          0        955   gpio.o
       132         16          0         42          0     419828   jy901.o
       536         80          0          0         36       3932   main.o
       324          8          0        176          0       2651   motor.o
        64         26        404          0       1536        852   startup_stm32f401xc.o
       180         28          0         12          0       9345   stm32f4xx_hal.o
       198         14          0          0          0      33879   stm32f4xx_hal_cortex.o
      1084         16          8          0          0       7438   stm32f4xx_hal_dma.o
       490         34          0          0          0       2200   stm32f4xx_hal_gpio.o
        48          6          0          0          0        878   stm32f4xx_hal_msp.o
      1348         76          0          0          0       5300   stm32f4xx_hal_rcc.o
      2020         68          0          0          0      18377   stm32f4xx_hal_tim.o
       128         20          0          0          0       2529   stm32f4xx_hal_tim_ex.o
      2050         30          0          0          0      15073   stm32f4xx_hal_uart.o
        96         34          0          0          0       6713   stm32f4xx_it.o
        16          4         24          4          0       1159   system_stm32f4xx.o
      1180         94          0          0        432       6867   tim.o
       436         44          0          0        240       2622   usart.o

    ----------------------------------------------------------------------
     10534        614        470        336       2244     542311   Object Totals
         0          0         32          0          0          0   (incl. Generated)
        20          0          2          6          0          0   (incl. Padding)

    ----------------------------------------------------------------------

      Code (inc. data)   RO Data    RW Data    ZI Data      Debug   Library Member Name

        90          0          0          0          0          0   __dczerorl2.o
         8          0          0          0          0         68   __main.o
         0          0          0          0          0          0   __rtentry.o
        12          0          0          0          0          0   __rtentry2.o
         6          0          0          0          0          0   __rtentry4.o
        52          8          0          0          0          0   __scatter.o
        28          0          0          0          0          0   __scatter_zi.o
        18          0          0          0          0         80   exit.o
         6          0          0          0          0        152   heapauxi.o
         0          0          0          0          0          0   indicate_semi.o
         2          0          0          0          0          0   libinit.o
         6          0          0          0          0          0   libinit2.o
         2          0          0          0          0          0   libshutdown.o
         2          0          0          0          0          0   libshutdown2.o
         8          4          0          0         96         68   libspace.o
       238          0          0          0          0        100   lludivv7m.o
        78          0          0          0          0         80   rt_memclr_w.o
         2          0          0          0          0          0   rtexit.o
        10          0          0          0          0          0   rtexit2.o
        12          4          0          0          0         68   sys_exit.o
        74          0          0          0          0         80   sys_stackheap_outer.o
         2          0          0          0          0         68   use_no_semi.o
        98          4          0          0          0        140   d2f.o
       804         16          0          0          0        368   daddsub_clz.o
        24          0          0          0          0        116   dcmpi.o
       688        140          0          0          0        256   ddiv.o
        94          4          0          0          0        140   dfix.o
        46          0          0          0          0        116   dflt_clz.o
       120          4          0          0          0        140   dleqf.o
       340         12          0          0          0        152   dmul.o
       156          4          0          0          0        140   dnaninf.o
        12          0          0          0          0        116   dretinf.o
       108          0          0          0          0        128   drleqf.o
        86          4          0          0          0        132   f2d.o
       140          4          0          0          0        132   fnaninf.o
        10          0          0          0          0        116   fpinit.o
        10          0          0          0          0        116   fretinf.o
         0          0          0          0          0          0   usenofp.o

    ----------------------------------------------------------------------
      3400        208          0          0        100       3072   Library Totals
         8          0          0          0          4          0   (incl. Padding)

    ----------------------------------------------------------------------

      Code (inc. data)   RO Data    RW Data    ZI Data      Debug   Library Name

       656         16          0          0         96        764   c_w.l
      2736        192          0          0          0       2308   fz_wm.l

    ----------------------------------------------------------------------
      3400        208          0          0        100       3072   Library Totals

    ----------------------------------------------------------------------

==============================================================================


      Code (inc. data)   RO Data    RW Data    ZI Data      Debug   

     13934        822        470        336       2344     533423   Grand Totals
     13934        822        470         48       2344     533423   ELF Image Totals (compressed)
     13934        822        470         48          0          0   ROM Totals

==============================================================================

    Total RO  Size (Code + RO Data)                14404 (  14.07kB)
    Total RW  Size (RW Data + ZI Data)              2680 (   2.62kB)
    Total ROM Size (Code + RO Data + RW Data)      14452 (  14.11kB)

==============================================================================

